################################################################################
#                                                                              #
#      IAR Universal Linker V5.3.2.26                                          #
#                                                                              #
#           Link time     =  12/Apr/2014  18:10:52                             #
#           Target CPU    =  MSP430                                            #
#           List file     =  D:\Work\My_Project\Client\Client\Debug\List\XY101 #
#                            .map                                              #
#           Output file 1 =  D:\Work\My_Project\Client\Client\Debug\Exe\XY101. #
#                            d43                                               #
#                            Format: debug                                     #
#                            UBROF version 10.0.6                              #
#                            Using library modules for C-SPY (-rt)             #
#           Command line  =  D:\Work\My_Project\Client\Client\Debug\Obj\CC1100 #
#                            -CC2500.r43                                       #
#                            D:\Work\My_Project\Client\Client\Debug\Obj\CC1101 #
#                            .r43                                              #
#                            D:\Work\My_Project\Client\Client\Debug\Obj\DataSe #
#                            ndRec.r43                                         #
#                            D:\Work\My_Project\Client\Client\Debug\Obj\Digtal #
#                            Clock.r43                                         #
#                            D:\Work\My_Project\Client\Client\Debug\Obj\HT1621 #
#                            .r43                                              #
#                            D:\Work\My_Project\Client\Client\Debug\Obj\IDS210 #
#                            0.r43                                             #
#                            D:\Work\My_Project\Client\Client\Debug\Obj\IRsens #
#                            or.r43                                            #
#                            D:\Work\My_Project\Client\Client\Debug\Obj\TI_CC_ #
#                            spi.r43                                           #
#                            D:\Work\My_Project\Client\Client\Debug\Obj\Uart.r #
#                            43                                                #
#                            D:\Work\My_Project\Client\Client\Debug\Obj\key.r4 #
#                            3                                                 #
#                            D:\Work\My_Project\Client\Client\Debug\Obj\main.r #
#                            43                                                #
#                            -o                                                #
#                            D:\Work\My_Project\Client\Client\Debug\Exe\XY101. #
#                            d43                                               #
#                            -l                                                #
#                            D:\Work\My_Project\Client\Client\Debug\List\XY101 #
#                            .map                                              #
#                            -xms                                              #
#                            "-IC:\Program Files\IAR Systems\Embedded Workbenc #
#                            h 6.4 Evaluation\430\LIB\"                        #
#                            -f                                                #
#                            "C:\Program Files\IAR Systems\Embedded Workbench  #
#                            6.4 Evaluation\430\CONFIG\lnk430F4152.xcl"        #
#                            (-cmsp430 -QCODE_I=CODE_ID                        #
#                            -Z(DATA)DATA16_I,DATA16_Z,DATA16_N,TLS16_I,DATA16 #
#                            _HEAP+_DATA16_HEAP_SIZE=0200-03FF                 #
#                            -Z(DATA)CODE_I -Z(DATA)CSTACK+_STACK_SIZE#        #
#                            -Z(CONST)INFO=1000-10FF                           #
#                            -Z(CONST)INFOA=10C0-10FF                          #
#                            -Z(CONST)INFOB=1080-10BF                          #
#                            -Z(CONST)INFOC=1040-107F                          #
#                            -Z(CONST)INFOD=1000-103F                          #
#                            -Z(CONST)DATA16_C,DATA16_ID,TLS16_ID,DIFUNCT,CHEC #
#                            KSUM=C000-FFDF                                    #
#                            -Z(CODE)CSTART,ISR_CODE,CODE_ID=C000-FFDF         #
#                            -P(CODE)CODE=C000-FFDF -Z(CODE)INTVEC=FFE0-FFFF   #
#                            -Z(CODE)RESET=FFFE-FFFF) -D_STACK_SIZE=50 -rt     #
#                            "C:\Program Files\IAR Systems\Embedded Workbench  #
#                            6.4 Evaluation\430\LIB\DLIB\dl430fn.r43"          #
#                            -D_DATA16_HEAP_SIZE=50 -s __program_start         #
#                            -D_DATA20_HEAP_SIZE=50                            #
#                                                                              #
#                           Copyright (C) 1987-2012 IAR Systems AB.            #
################################################################################





                ****************************************
                *                                      *
                *           CROSS REFERENCE            *
                *                                      *
                ****************************************

       Program entry at :           C034  Relocatable, from module : ?cstart




                ****************************************
                *                                      *
                *            RUNTIME MODEL             *
                *                                      *
                ****************************************

  __Heap_Handler             = Basic
  __SystemLibrary            = DLib
  __core                     = 430
  __dlib_file_descriptor     = 0
  __dlib_full_locale_support = 0
  __double_size              = 32
  __pic                      = no
  __reg_r4                   = free
  __reg_r5                   = free
  __rt_version               = 3

                ****************************************
                *                                      *
                *    AUTOMATIC SYMBOL REDIRECTIONS     *
                *                                      *
                ****************************************

                  There are no automatic symbol redirections.



                ****************************************
                *                                      *
                *              MODULE MAP              *
                *                                      *
                ****************************************


  DEFINED ABSOLUTE ENTRIES
    *************************************************************************

  DEFINED ABSOLUTE ENTRIES
  PROGRAM MODULE, NAME : ?ABS_ENTRY_MOD

Absolute parts
           ENTRY                   ADDRESS         REF BY
           =====                   =======         ======
           _DATA20_HEAP_SIZE       0050 
           _DATA16_HEAP_SIZE       0050 
           _STACK_SIZE             0050 
    *************************************************************************

  FILE NAME : D:\Work\My_Project\Client\Client\Debug\Obj\CC1100-CC2500.r43
  PROGRAM MODULE, NAME : CC1100-CC2500

  SEGMENTS IN THE MODULE
  ======================
DATA16_AN
  Relative segment, address: 0020 - 0020 (0x1 bytes), align: 0
  Segment part 1. ROOT.       Intra module refs:   RFSendPacket
           ENTRY                   ADDRESS         REF BY
           =====                   =======         ======
           P1IN                    0020 
    -------------------------------------------------------------------------
<CODE> 1 (was CODE)
  Relative segment, address: C05C - C1F3 (0x198 bytes), align: 1
  Segment part 5.
           ENTRY                   ADDRESS         REF BY
           =====                   =======         ======
           writeRFSettings         C05C            RadioInit (CC1101)
               calls direct
               CSTACK = 00000000 ( 00000002 )
    -------------------------------------------------------------------------
<CODE> 1 (was CODE)
  Relative segment, address: C8A2 - C931 (0x90 bytes), align: 1
  Segment part 4.
           ENTRY                   ADDRESS         REF BY
           =====                   =======         ======
           RFSendPacket            C8A2            Transmit (CC1101)
               calls direct
               CSTACK = 00000000 ( 00000006 )
    -------------------------------------------------------------------------
<CODE> 1 (was CODE)
  Relative segment, address: C932 - C9BD (0x8c bytes), align: 1
  Segment part 3.
           ENTRY                   ADDRESS         REF BY
           =====                   =======         ======
           RFReceivePacket         C932            ReceiveData (CC1101)
               calls direct
               CSTACK = 00000000 ( 00000004 )

    *************************************************************************

  FILE NAME : D:\Work\My_Project\Client\Client\Debug\Obj\CC1101.r43
  PROGRAM MODULE, NAME : CC1101

  SEGMENTS IN THE MODULE
  ======================
DATA16_AN
  Relative segment, address: 0022 - 0022 (0x1 bytes), align: 0
  Segment part 1. ROOT.       Intra module refs:   KeyInit (key)
                                                   RadioInit
           ENTRY                   ADDRESS         REF BY
           =====                   =======         ======
           P1DIR                   0022 
    -------------------------------------------------------------------------
DATA16_AN
  Relative segment, address: 0023 - 0023 (0x1 bytes), align: 0
  Segment part 2. ROOT.       Intra module refs:   KeyInit (key)
                                                   RadioInit
                                                   port1_ISR (key)
           ENTRY                   ADDRESS         REF BY
           =====                   =======         ======
           P1IFG                   0023 
    -------------------------------------------------------------------------
DATA16_AN
  Relative segment, address: 0024 - 0024 (0x1 bytes), align: 0
  Segment part 3. ROOT.       Intra module refs:   KeyInit (key)
                                                   RadioInit
           ENTRY                   ADDRESS         REF BY
           =====                   =======         ======
           P1IES                   0024 
    -------------------------------------------------------------------------
DATA16_AN
  Relative segment, address: 0025 - 0025 (0x1 bytes), align: 0
  Segment part 4. ROOT.       Intra module refs:   KeyInit (key)
                                                   RadioInit
           ENTRY                   ADDRESS         REF BY
           =====                   =======         ======
           P1IE                    0025 
    -------------------------------------------------------------------------
DATA16_AN
  Relative segment, address: 0026 - 0026 (0x1 bytes), align: 0
  Segment part 5. ROOT.       Intra module refs:   RadioInit
           ENTRY                   ADDRESS         REF BY
           =====                   =======         ======
           P1SEL                   0026 
    -------------------------------------------------------------------------
<CODE> 1 (was CODE)
  Relative segment, address: CA3E - CABD (0x80 bytes), align: 1
  Segment part 16.
           ENTRY                   ADDRESS         REF BY
           =====                   =======         ======
           RadioInit               CA3E            main (main)
               calls direct
               CSTACK = 00000000 ( 00000002 )
    -------------------------------------------------------------------------
DATA16_Z
  Relative segment, address: 0284 - 0284 (0x1 bytes), align: 0
  Segment part 10.            Intra module refs:   RadioInit
           LOCAL                   ADDRESS         
           =====                   =======         
           RadioInit::txBuffer     0284 
    -------------------------------------------------------------------------
<CODE> 1 (was CODE)
  Relative segment, address: D4B4 - D4B7 (0x4 bytes), align: 1
  Segment part 15.
           ENTRY                   ADDRESS         REF BY
           =====                   =======         ======
           Transmit                D4B4            LoginTransmit (DataSendRec)
                                                   WorkingStateMsgTransmit (DataSendRec)
               calls direct
               CSTACK = 00000000 ( 00000002 )
    -------------------------------------------------------------------------
<CODE> 1 (was CODE)
  Relative segment, address: D3F6 - D409 (0x14 bytes), align: 1
  Segment part 13.            Intra module refs:   ReceiveData
           ENTRY                   ADDRESS         REF BY
           =====                   =======         ======
           ClearRecBuf             D3F6 
               CSTACK = 00000000 ( 00000002 )
    -------------------------------------------------------------------------
<CODE> 1 (was CODE)
  Relative segment, address: D478 - D483 (0xc bytes), align: 1
  Segment part 14.
           ENTRY                   ADDRESS         REF BY
           =====                   =======         ======
           ReceiveData             D478            main (main)
               calls direct
               CSTACK = 00000000 ( 00000002 )

    *************************************************************************

  FILE NAME : D:\Work\My_Project\Client\Client\Debug\Obj\DataSendRec.r43
  PROGRAM MODULE, NAME : DataSendRec

  SEGMENTS IN THE MODULE
  ======================
DATA16_Z
  Relative segment, address: 0285 - 02C4 (0x40 bytes), align: 0
  Segment part 2.             Intra module refs:   LoginTransmit
                                                   MessageHeader
                                                   WorkingStateMsgTransmit
           ENTRY                   ADDRESS         REF BY
           =====                   =======         ======
           TxBuffer                0285 
    -------------------------------------------------------------------------
DATA16_Z
  Relative segment, address: 02C5 - 0304 (0x40 bytes), align: 0
  Segment part 3.
           ENTRY                   ADDRESS         REF BY
           =====                   =======         ======
           RxBuffer                02C5            ClearRecBuf (CC1101)
                                                   ReceiveData (CC1101)
    -------------------------------------------------------------------------
DATA16_I
  Relative segment, address: 0200 - 0201 (0x2 bytes), align: 1
  Segment part 4.             Intra module refs:   MessageHeader
           ENTRY                   ADDRESS         REF BY
           =====                   =======         ======
           MsgBegin                0200 
    -------------------------------------------------------------------------
DATA16_Z
  Relative segment, address: 0234 - 0235 (0x2 bytes), align: 1
  Segment part 6.             Intra module refs:   LoginTransmit
                                                   MessageHeader
                                                   WorkingStateMsgTransmit
           ENTRY                   ADDRESS         REF BY
           =====                   =======         ======
           MsgLength               0234 
    -------------------------------------------------------------------------
DATA16_Z
  Relative segment, address: 0305 - 0305 (0x1 bytes), align: 0
  Segment part 7.             Intra module refs:   LoginTransmit
                                                   MessageHeader
                                                   WorkingStateMsgTransmit
           ENTRY                   ADDRESS         REF BY
           =====                   =======         ======
           CommandId               0305 
    -------------------------------------------------------------------------
DATA16_I
  Relative segment, address: 0202 - 0203 (0x2 bytes), align: 1
  Segment part 8.             Intra module refs:   MessageHeader
           ENTRY                   ADDRESS         REF BY
           =====                   =======         ======
           ModelAddress            0202 
    -------------------------------------------------------------------------
DATA16_Z
  Relative segment, address: 0236 - 0239 (0x4 bytes), align: 1
  Segment part 10.            Intra module refs:   LoginTransmit
                                                   MessageHeader
                                                   WorkingStateMsgTransmit
           ENTRY                   ADDRESS         REF BY
           =====                   =======         ======
           SequenceId              0236 
    -------------------------------------------------------------------------
DATA16_Z
  Relative segment, address: 0306 - 0306 (0x1 bytes), align: 0
  Segment part 11.            Intra module refs:   LoginTransmit
                                                   MessageHeader
                                                   WorkingStateMsgTransmit
           ENTRY                   ADDRESS         REF BY
           =====                   =======         ======
           MsgStatus               0306 
    -------------------------------------------------------------------------
DATA16_I
  Relative segment, address: 020A - 020F (0x6 bytes), align: 0
  Segment part 12.            Intra module refs:   MessageHeader
           ENTRY                   ADDRESS         REF BY
           =====                   =======         ======
           TerminalID              020A 
    -------------------------------------------------------------------------
DATA16_Z
  Relative segment, address: 0307 - 0307 (0x1 bytes), align: 0
  Segment part 14.
           ENTRY                   ADDRESS         REF BY
           =====                   =======         ======
           DataRecFlag             0307            main (main)
                                                   port1_ISR (key)
    -------------------------------------------------------------------------
<CODE> 1 (was CODE)
  Relative segment, address: C9BE - CA3D (0x80 bytes), align: 1
  Segment part 19.            Intra module refs:   LoginTransmit
                                                   WorkingStateMsgTransmit
           ENTRY                   ADDRESS         REF BY
           =====                   =======         ======
           MessageHeader           C9BE 
               CSTACK = 00000000 ( 00000002 )
    -------------------------------------------------------------------------
<CODE> 1 (was CODE)
  Relative segment, address: CCFC - CD51 (0x56 bytes), align: 1
  Segment part 24.
           ENTRY                   ADDRESS         REF BY
           =====                   =======         ======
           WorkingStateMsgTransmit
                                   CCFC            main (main)
               calls direct
               CSTACK = 00000000 ( 00000002 )
    -------------------------------------------------------------------------
<CODE> 1 (was CODE)
  Relative segment, address: D078 - D0B5 (0x3e bytes), align: 1
  Segment part 22.
           ENTRY                   ADDRESS         REF BY
           =====                   =======         ======
           LoginTransmit           D078            main (main)
               calls direct
               CSTACK = 00000000 ( 00000002 )
    -------------------------------------------------------------------------
DATA16_ID
  Relative segment, address: C000 - C001 (0x2 bytes), align: 1
  Segment part 5.             Intra module refs:   MsgBegin
    -------------------------------------------------------------------------
DATA16_ID
  Relative segment, address: C002 - C003 (0x2 bytes), align: 1
  Segment part 9.             Intra module refs:   ModelAddress
    -------------------------------------------------------------------------
DATA16_ID
  Relative segment, address: C00A - C00F (0x6 bytes), align: 0
  Segment part 13.            Intra module refs:   TerminalID

    *************************************************************************

  FILE NAME : D:\Work\My_Project\Client\Client\Debug\Obj\DigtalClock.r43
  PROGRAM MODULE, NAME : DigtalClock

  SEGMENTS IN THE MODULE
  ======================
DATA16_Z
  Relative segment, address: 0308 - 0308 (0x1 bytes), align: 0
  Segment part 2.             Intra module refs:   DigtalClockInit
                                                   DigtalClockRun
                                                   DisplayDigtalClock
           ENTRY                   ADDRESS         REF BY
           =====                   =======         ======
           Sen                     0308 
    -------------------------------------------------------------------------
DATA16_Z
  Relative segment, address: 0309 - 0309 (0x1 bytes), align: 0
  Segment part 3.             Intra module refs:   DigtalClockInit
                                                   DigtalClockRun
                                                   DisplayDigtalClock
           ENTRY                   ADDRESS         REF BY
           =====                   =======         ======
           Min                     0309 
    -------------------------------------------------------------------------
DATA16_Z
  Relative segment, address: 030A - 030A (0x1 bytes), align: 0
  Segment part 4.             Intra module refs:   DigtalClockInit
                                                   DigtalClockRun
                                                   DisplayDigtalClock
           ENTRY                   ADDRESS         REF BY
           =====                   =======         ======
           Hour                    030A 
    -------------------------------------------------------------------------
DATA16_Z
  Relative segment, address: 030B - 030B (0x1 bytes), align: 0
  Segment part 5.             Intra module refs:   DigtalClockInit
                                                   DigtalClockRun
                                                   DisplayDigtalClock
           ENTRY                   ADDRESS         REF BY
           =====                   =======         ======
           Day                     030B 
    -------------------------------------------------------------------------
DATA16_Z
  Relative segment, address: 030C - 030C (0x1 bytes), align: 0
  Segment part 6.             Intra module refs:   DigtalClockInit
                                                   DigtalClockRun
                                                   DisplayDigtalClock
           ENTRY                   ADDRESS         REF BY
           =====                   =======         ======
           Month                   030C 
    -------------------------------------------------------------------------
DATA16_Z
  Relative segment, address: 030D - 030D (0x1 bytes), align: 0
  Segment part 7.             Intra module refs:   DigtalClockRun
           ENTRY                   ADDRESS         REF BY
           =====                   =======         ======
           Year                    030D 
    -------------------------------------------------------------------------
DATA16_I
  Relative segment, address: 0210 - 021C (0xd bytes), align: 0
  Segment part 8.             Intra module refs:   DigtalClockRun
           ENTRY                   ADDRESS         REF BY
           =====                   =======         ======
           MonthDay                0210 
    -------------------------------------------------------------------------
<CODE> 1 (was CODE)
  Relative segment, address: D2D8 - D2F5 (0x1e bytes), align: 1
  Segment part 13.
           ENTRY                   ADDRESS         REF BY
           =====                   =======         ======
           DigtalClockInit         D2D8            main (main)
               CSTACK = 00000000 ( 00000002 )
    -------------------------------------------------------------------------
<CODE> 1 (was CODE)
  Relative segment, address: CB86 - CBE5 (0x60 bytes), align: 1
  Segment part 12.
           ENTRY                   ADDRESS         REF BY
           =====                   =======         ======
           DigtalClockRun          CB86            main (main)
               CSTACK = 00000000 ( 00000002 )
    -------------------------------------------------------------------------
<CODE> 1 (was CODE)
  Relative segment, address: D362 - D377 (0x16 bytes), align: 1
  Segment part 10.            Intra module refs:   DisplayDigtalClock
           ENTRY                   ADDRESS         REF BY
           =====                   =======         ======
           DisplayDot              D362 
               calls direct
               CSTACK = 00000000 ( 00000002 )
    -------------------------------------------------------------------------
<CODE> 1 (was CODE)
  Relative segment, address: CB24 - CB85 (0x62 bytes), align: 1
  Segment part 11.
           ENTRY                   ADDRESS         REF BY
           =====                   =======         ======
           DisplayDigtalClock      CB24            main (main)
               calls direct
               CSTACK = 00000000 ( 00000002 )
    -------------------------------------------------------------------------
DATA16_ID
  Relative segment, address: C010 - C01C (0xd bytes), align: 0
  Segment part 9.             Intra module refs:   MonthDay

    *************************************************************************

  FILE NAME : D:\Work\My_Project\Client\Client\Debug\Obj\HT1621.r43
  PROGRAM MODULE, NAME : HT1621

  SEGMENTS IN THE MODULE
  ======================
DATA16_AN
  Relative segment, address: 0031 - 0031 (0x1 bytes), align: 0
  Segment part 1. ROOT.       Intra module refs:   Ht1621ClearDisplay
                                                   Ht1621WrCmd
                                                   Ht1621WrHalfOneData
                                                   Ht1621WrOneData
                                                   Ht1621Wr_Data
                                                   Ht1621_Init
                                                   LCDInit
           ENTRY                   ADDRESS         REF BY
           =====                   =======         ======
           P5OUT                   0031 
    -------------------------------------------------------------------------
DATA16_AN
  Relative segment, address: 0032 - 0032 (0x1 bytes), align: 0
  Segment part 2. ROOT.       Intra module refs:   LCDInit
           ENTRY                   ADDRESS         REF BY
           =====                   =======         ======
           P5DIR                   0032 
    -------------------------------------------------------------------------
DATA16_I
  Relative segment, address: 021D - 0226 (0xa bytes), align: 0
  Segment part 4.             Intra module refs:   Display_Digit
           ENTRY                   ADDRESS         REF BY
           =====                   =======         ======
           seg_tab1                021D 
    -------------------------------------------------------------------------
DATA16_I
  Relative segment, address: 0227 - 0230 (0xa bytes), align: 0
  Segment part 6.             Intra module refs:   Display_Digit
           ENTRY                   ADDRESS         REF BY
           =====                   =======         ======
           seg_tab2                0227 
    -------------------------------------------------------------------------
<CODE> 1 (was CODE)
  Relative segment, address: CF28 - CF6D (0x46 bytes), align: 1
  Segment part 9.             Intra module refs:   Ht1621ClearDisplay
                                                   Ht1621WrCmd
                                                   Ht1621WrHalfOneData
                                                   Ht1621WrOneData
           ENTRY                   ADDRESS         REF BY
           =====                   =======         ======
           Ht1621Wr_Data           CF28 
               CSTACK = 00000000 ( 00000002 )
    -------------------------------------------------------------------------
<CODE> 1 (was CODE)
  Relative segment, address: D0B6 - D0EF (0x3a bytes), align: 1
  Segment part 17.            Intra module refs:   Ht1621_Init
           ENTRY                   ADDRESS         REF BY
           =====                   =======         ======
           Ht1621WrCmd             D0B6 
               calls direct
               CSTACK = 00000000 ( 00000004 )
    -------------------------------------------------------------------------
<CODE> 1 (was CODE)
  Relative segment, address: CC44 - CCA1 (0x5e bytes), align: 1
  Segment part 18.            Intra module refs:   LCDInit
           ENTRY                   ADDRESS         REF BY
           =====                   =======         ======
           Ht1621_Init             CC44 
               calls direct
               CSTACK = 00000000 ( 00000002 )
    -------------------------------------------------------------------------
<CODE> 1 (was CODE)
  Relative segment, address: D312 - D32D (0x1c bytes), align: 1
  Segment part 19.
           ENTRY                   ADDRESS         REF BY
           =====                   =======         ======
           LCDInit                 D312            main (main)
               calls direct
               CSTACK = 00000000 ( 00000002 )
    -------------------------------------------------------------------------
<CODE> 1 (was CODE)
  Relative segment, address: CFB4 - CFF5 (0x42 bytes), align: 1
  Segment part 16.
           ENTRY                   ADDRESS         REF BY
           =====                   =======         ======
           Ht1621WrHalfOneData     CFB4            DisplayDot (DigtalClock)
               calls direct
               CSTACK = 00000000 ( 00000006 )
    -------------------------------------------------------------------------
<CODE> 1 (was CODE)
  Relative segment, address: CFF6 - D037 (0x42 bytes), align: 1
  Segment part 10.            Intra module refs:   Display_Digit
           ENTRY                   ADDRESS         REF BY
           =====                   =======         ======
           Ht1621WrOneData         CFF6 
               calls direct
               CSTACK = 00000000 ( 00000006 )
    -------------------------------------------------------------------------
<CODE> 1 (was CODE)
  Relative segment, address: CF6E - CFB3 (0x46 bytes), align: 1
  Segment part 12.            Intra module refs:   DisplayRate
                                                   LCDInit
           ENTRY                   ADDRESS         REF BY
           =====                   =======         ======
           Ht1621ClearDisplay      CF6E            DisplayDigtalClock (DigtalClock)
               calls direct
               CSTACK = 00000000 ( 00000004 )
    -------------------------------------------------------------------------
<CODE> 1 (was CODE)
  Relative segment, address: C1F4 - C381 (0x18e bytes), align: 1
  Segment part 11.            Intra module refs:   DisplayRate
           ENTRY                   ADDRESS         REF BY
           =====                   =======         ======
           Display_Digit           C1F4            DisplayDigtalClock (DigtalClock)
               calls direct
               CSTACK = 00000000 ( 0000000E )
    -------------------------------------------------------------------------
<CODE> 1 (was CODE)
  Relative segment, address: D0F0 - D125 (0x36 bytes), align: 1
  Segment part 13.
           ENTRY                   ADDRESS         REF BY
           =====                   =======         ======
           DisplayRate             D0F0            main (main)
               calls direct
               CSTACK = 00000000 ( 00000004 )
    -------------------------------------------------------------------------
DATA16_Z
  Relative segment, address: 023A - 023B (0x2 bytes), align: 1
  Segment part 8.             Intra module refs:   DisplayRate
           LOCAL                   ADDRESS         
           =====                   =======         
           DisplayRate::Display_Times
                                   023A 
    -------------------------------------------------------------------------
DATA16_ID
  Relative segment, address: C01D - C026 (0xa bytes), align: 0
  Segment part 5.             Intra module refs:   seg_tab1
    -------------------------------------------------------------------------
DATA16_ID
  Relative segment, address: C027 - C030 (0xa bytes), align: 0
  Segment part 7.             Intra module refs:   seg_tab2

    *************************************************************************

  FILE NAME : D:\Work\My_Project\Client\Client\Debug\Obj\IDS2100.r43
  PROGRAM MODULE, NAME : IDS2100

  SEGMENTS IN THE MODULE
  ======================
DATA16_AN
  Relative segment, address: 0021 - 0021 (0x1 bytes), align: 0
  Segment part 1. ROOT.
           ENTRY                   ADDRESS         REF BY
           =====                   =======         ======
           P1OUT                   0021 
    -------------------------------------------------------------------------
DATA16_AN
  Relative segment, address: 0038 - 0038 (0x1 bytes), align: 0
  Segment part 5. ROOT.
           ENTRY                   ADDRESS         REF BY
           =====                   =======         ======
           P7IN                    0038 
    -------------------------------------------------------------------------
DATA16_AN
  Relative segment, address: 003A - 003A (0x1 bytes), align: 0
  Segment part 6. ROOT.       Intra module refs:   LEDInit (IRsensor)
           ENTRY                   ADDRESS         REF BY
           =====                   =======         ======
           P7DIR                   003A 

    *************************************************************************

  FILE NAME : D:\Work\My_Project\Client\Client\Debug\Obj\IRsensor.r43
  PROGRAM MODULE, NAME : IRsensor

  SEGMENTS IN THE MODULE
  ======================
DATA16_AN
  Relative segment, address: 0029 - 0029 (0x1 bytes), align: 0
  Segment part 1. ROOT.       Intra module refs:   IRSensorPortInit
           ENTRY                   ADDRESS         REF BY
           =====                   =======         ======
           P2OUT                   0029 
    -------------------------------------------------------------------------
DATA16_AN
  Relative segment, address: 002A - 002A (0x1 bytes), align: 0
  Segment part 2. ROOT.       Intra module refs:   IRSensorPortInit
           ENTRY                   ADDRESS         REF BY
           =====                   =======         ======
           P2DIR                   002A 
    -------------------------------------------------------------------------
DATA16_AN
  Relative segment, address: 0018 - 0018 (0x1 bytes), align: 0
  Segment part 3. ROOT.       Intra module refs:   IRReceiveStatus
           ENTRY                   ADDRESS         REF BY
           =====                   =======         ======
           P3IN                    0018 
    -------------------------------------------------------------------------
DATA16_AN
  Relative segment, address: 001A - 001A (0x1 bytes), align: 0
  Segment part 4. ROOT.       Intra module refs:   IRSensorPortInit
           ENTRY                   ADDRESS         REF BY
           =====                   =======         ======
           P3DIR                   001A 
    -------------------------------------------------------------------------
DATA16_AN
  Relative segment, address: 001B - 001B (0x1 bytes), align: 0
  Segment part 5. ROOT.       Intra module refs:   IRRecCaptureInit
           ENTRY                   ADDRESS         REF BY
           =====                   =======         ======
           P3SEL                   001B 
    -------------------------------------------------------------------------
DATA16_AN
  Relative segment, address: 001D - 001D (0x1 bytes), align: 0
  Segment part 6. ROOT.       Intra module refs:   LEDInit
                                                   LEDOff
                                                   LEDOn
           ENTRY                   ADDRESS         REF BY
           =====                   =======         ======
           P4OUT                   001D 
    -------------------------------------------------------------------------
DATA16_AN
  Relative segment, address: 001E - 001E (0x1 bytes), align: 0
  Segment part 7. ROOT.       Intra module refs:   LEDInit
           ENTRY                   ADDRESS         REF BY
           =====                   =======         ======
           P4DIR                   001E 
    -------------------------------------------------------------------------
DATA16_AN
  Relative segment, address: 0039 - 0039 (0x1 bytes), align: 0
  Segment part 8. ROOT.       Intra module refs:   LEDInit
                                                   Timer_A0_0
           ENTRY                   ADDRESS         REF BY
           =====                   =======         ======
           P7OUT                   0039 
    -------------------------------------------------------------------------
DATA16_AN
  Relative segment, address: 012E - 012F (0x2 bytes), align: 0
  Segment part 10. ROOT.      Intra module refs:   Timer_A0_1
           ENTRY                   ADDRESS         REF BY
           =====                   =======         ======
           TA0IV                   012E 
    -------------------------------------------------------------------------
DATA16_AN
  Relative segment, address: 0160 - 0161 (0x2 bytes), align: 0
  Segment part 11. ROOT.      Intra module refs:   TA0Init
           ENTRY                   ADDRESS         REF BY
           =====                   =======         ======
           TA0CTL                  0160 
    -------------------------------------------------------------------------
DATA16_AN
  Relative segment, address: 0162 - 0163 (0x2 bytes), align: 0
  Segment part 12. ROOT.      Intra module refs:   TA0Init
           ENTRY                   ADDRESS         REF BY
           =====                   =======         ======
           TA0CCTL0                0162 
    -------------------------------------------------------------------------
DATA16_AN
  Relative segment, address: 0164 - 0165 (0x2 bytes), align: 0
  Segment part 13. ROOT.      Intra module refs:   TA0Init
           ENTRY                   ADDRESS         REF BY
           =====                   =======         ======
           TA0CCTL1                0164 
    -------------------------------------------------------------------------
DATA16_AN
  Relative segment, address: 0172 - 0173 (0x2 bytes), align: 0
  Segment part 14. ROOT.      Intra module refs:   TA0Init
                                                   Timer_A0_0
           ENTRY                   ADDRESS         REF BY
           =====                   =======         ======
           TA0CCR0                 0172 
    -------------------------------------------------------------------------
DATA16_AN
  Relative segment, address: 0174 - 0175 (0x2 bytes), align: 0
  Segment part 15. ROOT.      Intra module refs:   TA0Init
                                                   Timer_A0_1
           ENTRY                   ADDRESS         REF BY
           =====                   =======         ======
           TA0CCR1                 0174 
    -------------------------------------------------------------------------
DATA16_AN
  Relative segment, address: 011E - 011F (0x2 bytes), align: 0
  Segment part 16. ROOT.      Intra module refs:   Timer1_A1
           ENTRY                   ADDRESS         REF BY
           =====                   =======         ======
           TA1IV                   011E 
    -------------------------------------------------------------------------
DATA16_AN
  Relative segment, address: 0180 - 0181 (0x2 bytes), align: 0
  Segment part 17. ROOT.      Intra module refs:   IRRecCaptureInit
           ENTRY                   ADDRESS         REF BY
           =====                   =======         ======
           TA1CTL                  0180 
    -------------------------------------------------------------------------
DATA16_AN
  Relative segment, address: 0188 - 0189 (0x2 bytes), align: 0
  Segment part 18. ROOT.      Intra module refs:   IRRecCaptureInit
                                                   Timer1_A1
           ENTRY                   ADDRESS         REF BY
           =====                   =======         ======
           TA1CCTL3                0188 
    -------------------------------------------------------------------------
DATA16_AN
  Relative segment, address: 0198 - 0199 (0x2 bytes), align: 0
  Segment part 19. ROOT.      Intra module refs:   Timer1_A1
           ENTRY                   ADDRESS         REF BY
           =====                   =======         ======
           TA1CCR3                 0198 
    -------------------------------------------------------------------------
<CODE> 1 (was CODE)
  Relative segment, address: D45C - D469 (0xe bytes), align: 1
  Segment part 38.            Intra module refs:   IRSensorInit
           ENTRY                   ADDRESS         REF BY
           =====                   =======         ======
           IRSensorPortInit        D45C 
               CSTACK = 00000000 ( 00000002 )
    -------------------------------------------------------------------------
<CODE> 1 (was CODE)
  Relative segment, address: D440 - D44D (0xe bytes), align: 1
  Segment part 33.            Intra module refs:   Timer_A0_0
           ENTRY                   ADDRESS         REF BY
           =====                   =======         ======
           IRReceiveStatus         D440 
               CSTACK = 00000000 ( 00000002 )
    -------------------------------------------------------------------------
<CODE> 1 (was CODE)
  Relative segment, address: D38E - D3A3 (0x16 bytes), align: 1
  Segment part 42.
           ENTRY                   ADDRESS         REF BY
           =====                   =======         ======
           LEDInit                 D38E            main (main)
               CSTACK = 00000000 ( 00000002 )
    -------------------------------------------------------------------------
<CODE> 1 (was CODE)
  Relative segment, address: D3CE - D3E1 (0x14 bytes), align: 1
  Segment part 41.
           ENTRY                   ADDRESS         REF BY
           =====                   =======         ======
           LEDOn                   D3CE            main (main)
               CSTACK = 00000000 ( 00000002 )
    -------------------------------------------------------------------------
<CODE> 1 (was CODE)
  Relative segment, address: D3E2 - D3F5 (0x14 bytes), align: 1
  Segment part 31.            Intra module refs:   Timer_A0_1
           ENTRY                   ADDRESS         REF BY
           =====                   =======         ======
           LEDOff                  D3E2            main (main)
               CSTACK = 00000000 ( 00000002 )
    -------------------------------------------------------------------------
<CODE> 1 (was CODE)
  Relative segment, address: D378 - D38D (0x16 bytes), align: 1
  Segment part 35.            Intra module refs:   IRSensorInit
                                                   Timer1_A1
           ENTRY                   ADDRESS         REF BY
           =====                   =======         ======
           IRRecCaptureInit        D378 
               CSTACK = 00000000 ( 00000002 )
    -------------------------------------------------------------------------
<CODE> 1 (was CODE)
  Relative segment, address: D296 - D2B9 (0x24 bytes), align: 1
  Segment part 40.
           ENTRY                   ADDRESS         REF BY
           =====                   =======         ======
           TA0Init                 D296            main (main)
               CSTACK = 00000000 ( 00000002 )
    -------------------------------------------------------------------------
<CODE> 1 (was CODE)
  Relative segment, address: D4A4 - D4AB (0x8 bytes), align: 1
  Segment part 39.
           ENTRY                   ADDRESS         REF BY
           =====                   =======         ======
           IRSensorInit            D4A4            main (main)
               calls direct
               CSTACK = 00000000 ( 00000002 )
    -------------------------------------------------------------------------
<CODE> 1 (was CODE)
  Relative segment, address: CCA2 - CCFB (0x5a bytes), align: 1
  Segment part 37.
           ENTRY                   ADDRESS         REF BY
           =====                   =======         ======
           GetRate                 CCA2            main (main)
               calls direct
               CSTACK = 00000000 ( 00000006 )
    -------------------------------------------------------------------------
DATA16_Z
  Relative segment, address: 023C - 024B (0x10 bytes), align: 1
  Segment part 24.            Intra module refs:   GetRate
           LOCAL                   ADDRESS         
           =====                   =======         
           GetRate::buffer         023C 
    -------------------------------------------------------------------------
<CODE> 1 (was CODE)
  Relative segment, address: C4E4 - C639 (0x156 bytes), align: 1
  Segment part 36.            Intra module refs:   Timer1_A1::??INTVEC 24
           ENTRY                   ADDRESS         REF BY
           =====                   =======         ======
           Timer1_A1               C4E4 
               interrupt function
               calls direct
               CSTACK = 00000000 ( 00000010 )
    -------------------------------------------------------------------------
DATA16_Z
  Relative segment, address: 024C - 024D (0x2 bytes), align: 1
  Segment part 25.            Intra module refs:   Timer1_A1
           LOCAL                   ADDRESS         
           =====                   =======         
           Timer1_A1::OverflowTime
                                   024C 
    -------------------------------------------------------------------------
DATA16_I
  Relative segment, address: 0204 - 0205 (0x2 bytes), align: 1
  Segment part 26.            Intra module refs:   Timer1_A1
           LOCAL                   ADDRESS         
           =====                   =======         
           Timer1_A1::StoreTimes   0204 
    -------------------------------------------------------------------------
DATA16_Z
  Relative segment, address: 024E - 0261 (0x14 bytes), align: 1
  Segment part 28.            Intra module refs:   Timer1_A1
           LOCAL                   ADDRESS         
           =====                   =======         
           Timer1_A1::IRTimerValue
                                   024E 
    -------------------------------------------------------------------------
DATA16_Z
  Relative segment, address: 0262 - 0275 (0x14 bytes), align: 1
  Segment part 29.            Intra module refs:   Timer1_A1
           LOCAL                   ADDRESS         
           =====                   =======         
           Timer1_A1::OverflowValue
                                   0262 
    -------------------------------------------------------------------------
DATA16_Z
  Relative segment, address: 0276 - 0279 (0x4 bytes), align: 1
  Segment part 30.            Intra module refs:   Timer1_A1
           LOCAL                   ADDRESS         
           =====                   =======         
           Timer1_A1::Valuefabs    0276 
    -------------------------------------------------------------------------
<CODE> 1 (was CODE)
  Relative segment, address: CDA8 - CDF9 (0x52 bytes), align: 1
  Segment part 34.            Intra module refs:   Timer_A0_0::??INTVEC 12
           ENTRY                   ADDRESS         REF BY
           =====                   =======         ======
           Timer_A0_0              CDA8 
               interrupt function
               calls direct
               CSTACK = 00000000 ( 0000000C )
    -------------------------------------------------------------------------
<CODE> 1 (was CODE)
  Relative segment, address: CBE6 - CC43 (0x5e bytes), align: 1
  Segment part 32.            Intra module refs:   Timer_A0_1::??INTVEC 10
           ENTRY                   ADDRESS         REF BY
           =====                   =======         ======
           Timer_A0_1              CBE6 
               interrupt function
               calls direct
               CSTACK = 00000000 ( 0000000C )
    -------------------------------------------------------------------------
INTVEC
  Common segment, address: FFE0 - FFEB (0xc bytes), align: 1
  Segment part 20. ROOT.
           ENTRY                   ADDRESS         REF BY
           =====                   =======         ======
           Timer_A0_1::??INTVEC 10
                                   FFEA 
    -------------------------------------------------------------------------
INTVEC
  Common segment, address: FFE0 - FFED (0xe bytes), align: 1
  Segment part 21. ROOT.
           ENTRY                   ADDRESS         REF BY
           =====                   =======         ======
           Timer_A0_0::??INTVEC 12
                                   FFEC 
    -------------------------------------------------------------------------
INTVEC
  Common segment, address: FFE0 - FFF9 (0x1a bytes), align: 1
  Segment part 22. ROOT.
           ENTRY                   ADDRESS         REF BY
           =====                   =======         ======
           Timer1_A1::??INTVEC 24
                                   FFF8 
    -------------------------------------------------------------------------
DATA16_ID
  Relative segment, address: C004 - C005 (0x2 bytes), align: 1
  Segment part 27.            Intra module refs:   Timer1_A1::StoreTimes

    *************************************************************************

  FILE NAME : D:\Work\My_Project\Client\Client\Debug\Obj\TI_CC_spi.r43
  PROGRAM MODULE, NAME : TI_CC_spi

  SEGMENTS IN THE MODULE
  ======================
DATA16_AN
  Relative segment, address: 0003 - 0003 (0x1 bytes), align: 0
  Segment part 1. ROOT.       Intra module refs:   TI_CC_PowerupResetCCxxxx
                                                   TI_CC_SPIReadBurstReg
                                                   TI_CC_SPIReadReg
                                                   TI_CC_SPIReadStatus
                                                   TI_CC_SPIStrobe
                                                   TI_CC_SPIWriteBurstReg
                                                   TI_CC_SPIWriteReg
           ENTRY                   ADDRESS         REF BY
           =====                   =======         ======
           IFG2                    0003 
    -------------------------------------------------------------------------
DATA16_AN
  Relative segment, address: 0034 - 0034 (0x1 bytes), align: 0
  Segment part 2. ROOT.       Intra module refs:   TI_CC_PowerupResetCCxxxx
                                                   TI_CC_SPIReadBurstReg
                                                   TI_CC_SPIReadStatus
                                                   TI_CC_SPIStrobe
                                                   TI_CC_SPIWriteBurstReg
                                                   TI_CC_SPIWriteReg
           ENTRY                   ADDRESS         REF BY
           =====                   =======         ======
           P6IN                    0034 
    -------------------------------------------------------------------------
DATA16_AN
  Relative segment, address: 0035 - 0035 (0x1 bytes), align: 0
  Segment part 3. ROOT.       Intra module refs:   TI_CC_PowerupResetCCxxxx
                                                   TI_CC_SPIReadBurstReg
                                                   TI_CC_SPIReadReg
                                                   TI_CC_SPIReadStatus
                                                   TI_CC_SPISetup
                                                   TI_CC_SPIStrobe
                                                   TI_CC_SPIWriteBurstReg
                                                   TI_CC_SPIWriteReg
           ENTRY                   ADDRESS         REF BY
           =====                   =======         ======
           P6OUT                   0035 
    -------------------------------------------------------------------------
DATA16_AN
  Relative segment, address: 0036 - 0036 (0x1 bytes), align: 0
  Segment part 4. ROOT.       Intra module refs:   TI_CC_SPISetup
           ENTRY                   ADDRESS         REF BY
           =====                   =======         ======
           P6DIR                   0036 
    -------------------------------------------------------------------------
DATA16_AN
  Relative segment, address: 0037 - 0037 (0x1 bytes), align: 0
  Segment part 5. ROOT.       Intra module refs:   TI_CC_SPISetup
                                                   UartInit (Uart)
           ENTRY                   ADDRESS         REF BY
           =====                   =======         ======
           P6SEL                   0037 
    -------------------------------------------------------------------------
DATA16_AN
  Relative segment, address: 0067 - 0067 (0x1 bytes), align: 0
  Segment part 6. ROOT.       Intra module refs:   USCI0RX_ISR (Uart)
           ENTRY                   ADDRESS         REF BY
           =====                   =======         ======
           UCA0TXBUF               0067 
    -------------------------------------------------------------------------
DATA16_AN
  Relative segment, address: 0068 - 0068 (0x1 bytes), align: 0
  Segment part 7. ROOT.       Intra module refs:   TI_CC_SPISetup
           ENTRY                   ADDRESS         REF BY
           =====                   =======         ======
           UCB0CTL0                0068 
    -------------------------------------------------------------------------
DATA16_AN
  Relative segment, address: 0069 - 0069 (0x1 bytes), align: 0
  Segment part 8. ROOT.       Intra module refs:   TI_CC_SPISetup
           ENTRY                   ADDRESS         REF BY
           =====                   =======         ======
           UCB0CTL1                0069 
    -------------------------------------------------------------------------
DATA16_AN
  Relative segment, address: 006A - 006A (0x1 bytes), align: 0
  Segment part 9. ROOT.       Intra module refs:   TI_CC_SPISetup
           ENTRY                   ADDRESS         REF BY
           =====                   =======         ======
           UCB0BR0                 006A 
    -------------------------------------------------------------------------
DATA16_AN
  Relative segment, address: 006B - 006B (0x1 bytes), align: 0
  Segment part 10. ROOT.      Intra module refs:   TI_CC_SPISetup
           ENTRY                   ADDRESS         REF BY
           =====                   =======         ======
           UCB0BR1                 006B 
    -------------------------------------------------------------------------
DATA16_AN
  Relative segment, address: 006E - 006E (0x1 bytes), align: 0
  Segment part 11. ROOT.      Intra module refs:   TI_CC_SPIReadBurstReg
                                                   TI_CC_SPIReadReg
                                                   TI_CC_SPIReadStatus
           ENTRY                   ADDRESS         REF BY
           =====                   =======         ======
           UCB0RXBUF               006E 
    -------------------------------------------------------------------------
DATA16_AN
  Relative segment, address: 006F - 006F (0x1 bytes), align: 0
  Segment part 12. ROOT.      Intra module refs:   TI_CC_PowerupResetCCxxxx
                                                   TI_CC_SPIReadBurstReg
                                                   TI_CC_SPIReadReg
                                                   TI_CC_SPIReadStatus
                                                   TI_CC_SPIStrobe
                                                   TI_CC_SPIWriteBurstReg
                                                   TI_CC_SPIWriteReg
           ENTRY                   ADDRESS         REF BY
           =====                   =======         ======
           UCB0TXBUF               006F 
    -------------------------------------------------------------------------
<CODE> 1 (was CODE)
  Relative segment, address: D44E - D45B (0xe bytes), align: 1
  Segment part 14.            Intra module refs:   TI_CC_PowerupResetCCxxxx
           ENTRY                   ADDRESS         REF BY
           =====                   =======         ======
           TI_CC_Wait              D44E 
               CSTACK = 00000000 ( 00000002 )
    -------------------------------------------------------------------------
<CODE> 1 (was CODE)
  Relative segment, address: D1F4 - D221 (0x2e bytes), align: 1
  Segment part 22.
           ENTRY                   ADDRESS         REF BY
           =====                   =======         ======
           TI_CC_SPISetup          D1F4            RadioInit (CC1101)
               CSTACK = 00000000 ( 00000002 )
    -------------------------------------------------------------------------
<CODE> 1 (was CODE)
  Relative segment, address: D222 - D24D (0x2c bytes), align: 1
  Segment part 21.
           ENTRY                   ADDRESS         REF BY
           =====                   =======         ======
           TI_CC_SPIWriteReg       D222            RFSendPacket (CC1100-CC2500)
                                                   writeRFSettings (CC1100-CC2500)
               CSTACK = 00000000 ( 00000002 )
    -------------------------------------------------------------------------
<CODE> 1 (was CODE)
  Relative segment, address: D038 - D077 (0x40 bytes), align: 1
  Segment part 20.
           ENTRY                   ADDRESS         REF BY
           =====                   =======         ======
           TI_CC_SPIWriteBurstReg
                                   D038            RFSendPacket (CC1100-CC2500)
               CSTACK = 00000000 ( 00000002 )
    -------------------------------------------------------------------------
<CODE> 1 (was CODE)
  Relative segment, address: D126 - D15B (0x36 bytes), align: 1
  Segment part 19.
           ENTRY                   ADDRESS         REF BY
           =====                   =======         ======
           TI_CC_SPIReadReg        D126            RadioInit (CC1101)
               CSTACK = 00000000 ( 00000002 )
    -------------------------------------------------------------------------
<CODE> 1 (was CODE)
  Relative segment, address: CABE - CB23 (0x66 bytes), align: 1
  Segment part 18.
           ENTRY                   ADDRESS         REF BY
           =====                   =======         ======
           TI_CC_SPIReadBurstReg   CABE            RFReceivePacket (CC1100-CC2500)
               CSTACK = 00000000 ( 00000002 )
    -------------------------------------------------------------------------
<CODE> 1 (was CODE)
  Relative segment, address: D190 - D1C3 (0x34 bytes), align: 1
  Segment part 17.
           ENTRY                   ADDRESS         REF BY
           =====                   =======         ======
           TI_CC_SPIReadStatus     D190            RFReceivePacket (CC1100-CC2500)
                                                   RadioInit (CC1101)
               CSTACK = 00000000 ( 00000002 )
    -------------------------------------------------------------------------
<CODE> 1 (was CODE)
  Relative segment, address: D2BA - D2D7 (0x1e bytes), align: 1
  Segment part 16.
           ENTRY                   ADDRESS         REF BY
           =====                   =======         ======
           TI_CC_SPIStrobe         D2BA            RFReceivePacket (CC1100-CC2500)
                                                   RFSendPacket (CC1100-CC2500)
                                                   RadioInit (CC1101)
               CSTACK = 00000000 ( 00000002 )
    -------------------------------------------------------------------------
<CODE> 1 (was CODE)
  Relative segment, address: CE98 - CEE1 (0x4a bytes), align: 1
  Segment part 15.
           ENTRY                   ADDRESS         REF BY
           =====                   =======         ======
           TI_CC_PowerupResetCCxxxx
                                   CE98            RadioInit (CC1101)
               calls direct
               CSTACK = 00000000 ( 00000002 )

    *************************************************************************

  FILE NAME : D:\Work\My_Project\Client\Client\Debug\Obj\Uart.r43
  PROGRAM MODULE, NAME : Uart

  SEGMENTS IN THE MODULE
  ======================
DATA16_AN
  Relative segment, address: 0001 - 0001 (0x1 bytes), align: 0
  Segment part 1. ROOT.       Intra module refs:   UartInit
           ENTRY                   ADDRESS         REF BY
           =====                   =======         ======
           IE2                     0001 
    -------------------------------------------------------------------------
DATA16_AN
  Relative segment, address: 0061 - 0061 (0x1 bytes), align: 0
  Segment part 4. ROOT.       Intra module refs:   UartInit
           ENTRY                   ADDRESS         REF BY
           =====                   =======         ======
           UCA0CTL1                0061 
    -------------------------------------------------------------------------
DATA16_AN
  Relative segment, address: 0062 - 0062 (0x1 bytes), align: 0
  Segment part 5. ROOT.       Intra module refs:   UartInit
           ENTRY                   ADDRESS         REF BY
           =====                   =======         ======
           UCA0BR0                 0062 
    -------------------------------------------------------------------------
DATA16_AN
  Relative segment, address: 0063 - 0063 (0x1 bytes), align: 0
  Segment part 6. ROOT.       Intra module refs:   UartInit
           ENTRY                   ADDRESS         REF BY
           =====                   =======         ======
           UCA0BR1                 0063 
    -------------------------------------------------------------------------
DATA16_AN
  Relative segment, address: 0064 - 0064 (0x1 bytes), align: 0
  Segment part 7. ROOT.       Intra module refs:   UartInit
           ENTRY                   ADDRESS         REF BY
           =====                   =======         ======
           UCA0MCTL                0064 
    -------------------------------------------------------------------------
DATA16_AN
  Relative segment, address: 0066 - 0066 (0x1 bytes), align: 0
  Segment part 8. ROOT.       Intra module refs:   USCI0RX_ISR
           ENTRY                   ADDRESS         REF BY
           =====                   =======         ======
           UCA0RXBUF               0066 
    -------------------------------------------------------------------------
<CODE> 1 (was CODE)
  Relative segment, address: D272 - D295 (0x24 bytes), align: 1
  Segment part 17.
           ENTRY                   ADDRESS         REF BY
           =====                   =======         ======
           UartInit                D272            main (main)
               CSTACK = 00000000 ( 00000002 )
    -------------------------------------------------------------------------
<CODE> 1 (was CODE)
  Relative segment, address: D46A - D477 (0xe bytes), align: 1
  Segment part 13.            Intra module refs:   USCI0RX_ISR::??INTVEC 18
           ENTRY                   ADDRESS         REF BY
           =====                   =======         ======
           USCI0RX_ISR             D46A 
               interrupt function
               CSTACK = 00000000 ( 00000004 )
    -------------------------------------------------------------------------
DATA16_Z
  Relative segment, address: 030E - 030E (0x1 bytes), align: 0
  Segment part 12.            Intra module refs:   USCI0RX_ISR
           LOCAL                   ADDRESS         
           =====                   =======         
           USCI0RX_ISR::buf        030E 
    -------------------------------------------------------------------------
INTVEC
  Common segment, address: FFE0 - FFF3 (0x14 bytes), align: 1
  Segment part 10. ROOT.
           ENTRY                   ADDRESS         REF BY
           =====                   =======         ======
           USCI0RX_ISR::??INTVEC 18
                                   FFF2 

    *************************************************************************

  FILE NAME : D:\Work\My_Project\Client\Client\Debug\Obj\key.r43
  PROGRAM MODULE, NAME : key

  SEGMENTS IN THE MODULE
  ======================
<CODE> 1 (was CODE)
  Relative segment, address: D32E - D347 (0x1a bytes), align: 1
  Segment part 8.
           ENTRY                   ADDRESS         REF BY
           =====                   =======         ======
           KeyInit                 D32E            main (main)
               CSTACK = 00000000 ( 00000002 )
    -------------------------------------------------------------------------
<CODE> 1 (was CODE)
  Relative segment, address: D1C4 - D1F3 (0x30 bytes), align: 1
  Segment part 7.             Intra module refs:   port1_ISR::??INTVEC 8
           ENTRY                   ADDRESS         REF BY
           =====                   =======         ======
           port1_ISR               D1C4 
               interrupt function
               CSTACK = 00000000 ( 0000000C )
    -------------------------------------------------------------------------
INTVEC
  Common segment, address: FFE0 - FFE9 (0xa bytes), align: 1
  Segment part 5. ROOT.
           ENTRY                   ADDRESS         REF BY
           =====                   =======         ======
           port1_ISR::??INTVEC 8   FFE8 

    *************************************************************************

  FILE NAME : D:\Work\My_Project\Client\Client\Debug\Obj\main.r43
  PROGRAM MODULE, NAME : main

  SEGMENTS IN THE MODULE
  ======================
DATA16_AN
  Relative segment, address: 0050 - 0050 (0x1 bytes), align: 0
  Segment part 1. ROOT.       Intra module refs:   ClockInit
           ENTRY                   ADDRESS         REF BY
           =====                   =======         ======
           SCFI0                   0050 
    -------------------------------------------------------------------------
DATA16_AN
  Relative segment, address: 0052 - 0052 (0x1 bytes), align: 0
  Segment part 2. ROOT.       Intra module refs:   ClockInit
           ENTRY                   ADDRESS         REF BY
           =====                   =======         ======
           SCFQCTL                 0052 
    -------------------------------------------------------------------------
DATA16_AN
  Relative segment, address: 0053 - 0053 (0x1 bytes), align: 0
  Segment part 3. ROOT.       Intra module refs:   ClockInit
           ENTRY                   ADDRESS         REF BY
           =====                   =======         ======
           FLL_CTL0                0053 
    -------------------------------------------------------------------------
DATA16_AN
  Relative segment, address: 0120 - 0121 (0x2 bytes), align: 0
  Segment part 4. ROOT.       Intra module refs:   main
           ENTRY                   ADDRESS         REF BY
           =====                   =======         ======
           WDTCTL                  0120 
    -------------------------------------------------------------------------
DATA16_Z
  Relative segment, address: 027A - 027B (0x2 bytes), align: 1
  Segment part 6.
           ENTRY                   ADDRESS         REF BY
           =====                   =======         ======
           TimerValue              027A            GetRate (IRsensor)
                                                   Timer1_A1 (IRsensor)
    -------------------------------------------------------------------------
DATA16_Z
  Relative segment, address: 027C - 027D (0x2 bytes), align: 1
  Segment part 7.             Intra module refs:   main
           ENTRY                   ADDRESS         REF BY
           =====                   =======         ======
           RateDisplayFlag         027C            Timer1_A1 (IRsensor)
                                                   Timer_A0_0 (IRsensor)
    -------------------------------------------------------------------------
DATA16_I
  Relative segment, address: 0206 - 0207 (0x2 bytes), align: 1
  Segment part 8.
           ENTRY                   ADDRESS         REF BY
           =====                   =======         ======
           time_num                0206            GetRate (IRsensor)
                                                   Timer1_A1 (IRsensor)
    -------------------------------------------------------------------------
DATA16_Z
  Relative segment, address: 027E - 027F (0x2 bytes), align: 1
  Segment part 10.            Intra module refs:   main
           ENTRY                   ADDRESS         REF BY
           =====                   =======         ======
           Rate                    027E 
    -------------------------------------------------------------------------
DATA16_Z
  Relative segment, address: 0280 - 0281 (0x2 bytes), align: 1
  Segment part 11.            Intra module refs:   main
           ENTRY                   ADDRESS         REF BY
           =====                   =======         ======
           RefreshTime             0280            Timer_A0_0 (IRsensor)
    -------------------------------------------------------------------------
DATA16_Z
  Relative segment, address: 030F - 030F (0x1 bytes), align: 0
  Segment part 12.            Intra module refs:   main
           ENTRY                   ADDRESS         REF BY
           =====                   =======         ======
           DisplayDigtalClockFlag
                                   030F            Timer_A0_1 (IRsensor)
    -------------------------------------------------------------------------
DATA16_I
  Relative segment, address: 0208 - 0209 (0x2 bytes), align: 1
  Segment part 13.            Intra module refs:   main
           ENTRY                   ADDRESS         REF BY
           =====                   =======         ======
           DisplayMode             0208            Timer1_A1 (IRsensor)
                                                   Timer_A0_1 (IRsensor)
    -------------------------------------------------------------------------
DATA16_Z
  Relative segment, address: 0310 - 0310 (0x1 bytes), align: 0
  Segment part 15.
           ENTRY                   ADDRESS         REF BY
           =====                   =======         ======
           DisplayModeChargetimes
                                   0310            Timer1_A1 (IRsensor)
                                                   Timer_A0_1 (IRsensor)
    -------------------------------------------------------------------------
DATA16_I
  Relative segment, address: 0231 - 0231 (0x1 bytes), align: 0
  Segment part 17.
           ENTRY                   ADDRESS         REF BY
           =====                   =======         ======
           CurrentSpeed            0231            WorkingStateMsgTransmit (DataSendRec)
    -------------------------------------------------------------------------
DATA16_Z
  Relative segment, address: 0282 - 0283 (0x2 bytes), align: 1
  Segment part 19.            Intra module refs:   main
           ENTRY                   ADDRESS         REF BY
           =====                   =======         ======
           TotalDrip               0282            WorkingStateMsgTransmit (DataSendRec)
    -------------------------------------------------------------------------
DATA16_I
  Relative segment, address: 0232 - 0232 (0x1 bytes), align: 0
  Segment part 20.
           ENTRY                   ADDRESS         REF BY
           =====                   =======         ======
           TerminalPowerPrecent    0232            WorkingStateMsgTransmit (DataSendRec)
    -------------------------------------------------------------------------
DATA16_Z
  Relative segment, address: 0311 - 0311 (0x1 bytes), align: 0
  Segment part 22.
           ENTRY                   ADDRESS         REF BY
           =====                   =======         ======
           WorkingStatus           0311            WorkingStateMsgTransmit (DataSendRec)
    -------------------------------------------------------------------------
<CODE> 1 (was CODE)
  Relative segment, address: D3BA - D3CD (0x14 bytes), align: 1
  Segment part 23.            Intra module refs:   main
           ENTRY                   ADDRESS         REF BY
           =====                   =======         ======
           ClockInit               D3BA 
               CSTACK = 00000000 ( 00000002 )
    -------------------------------------------------------------------------
<CODE> 1 (was CODE)
  Relative segment, address: C76A - C80F (0xa6 bytes), align: 1
  Segment part 24.
           ENTRY                   ADDRESS         REF BY
           =====                   =======         ======
           main                    C76A            Segment part 17 (?cstart)
               calls direct
               CSTACK = 00000000 ( 00000002 )
    -------------------------------------------------------------------------
DATA16_ID
  Relative segment, address: C006 - C007 (0x2 bytes), align: 1
  Segment part 9.             Intra module refs:   time_num
    -------------------------------------------------------------------------
DATA16_ID
  Relative segment, address: C008 - C009 (0x2 bytes), align: 1
  Segment part 14.            Intra module refs:   DisplayMode
    -------------------------------------------------------------------------
DATA16_ID
  Relative segment, address: C031 - C031 (0x1 bytes), align: 0
  Segment part 18.            Intra module refs:   CurrentSpeed
    -------------------------------------------------------------------------
DATA16_ID
  Relative segment, address: C032 - C032 (0x1 bytes), align: 0
  Segment part 21.            Intra module refs:   TerminalPowerPrecent

    *************************************************************************

  FILE NAME : C:\Program Files\IAR Systems\Embedded Workbench 6.4 Evaluation\430\LIB\DLIB\dl430fn.r43
  LIBRARY MODULE, NAME : ?__dbg_break

  SEGMENTS IN THE MODULE
  ======================
<CODE> 1 (was CODE)
  Relative segment, address: D4BC - D4BD (0x2 bytes), align: 1
  Segment part 2.
           ENTRY                   ADDRESS         REF BY
           =====                   =======         ======
           __DebugBreak            D4BC            __exit (?__exit)

    -------------------------------------------------------------------------
  LIBRARY MODULE, NAME : ?__exit

  SEGMENTS IN THE MODULE
  ======================
<CODE> 1 (was CODE)
  Relative segment, address: D3A4 - D3B9 (0x16 bytes), align: 1
  Segment part 2.
           ENTRY                   ADDRESS         REF BY
           =====                   =======         ======
           __exit                  D3A4            Segment part 6 (?_exit)
                                                   _exit (?_exit)
               calls direct

    -------------------------------------------------------------------------
  LIBRARY MODULE, NAME : ?_exit

  SEGMENTS IN THE MODULE
  ======================
<CODE> 1 (was CODE)
  Relative segment, address: D4B0, align: 1
  Segment part 0.
           ENTRY                   ADDRESS         REF BY
           =====                   =======         ======
           _exit                   D4B0            exit (?exit)
    -------------------------------------------------------------------------
<CODE> 1 (was CODE)
  Relative segment, address: D4B0 - D4B3 (0x4 bytes), align: 1
  Segment part 6.             Intra module refs:   _exit

    -------------------------------------------------------------------------
  LIBRARY MODULE, NAME : ?cstart

  SEGMENTS IN THE MODULE
  ======================
CSTACK
  Relative segment, address: 03B0, align: 1
  Segment part 1.
    -------------------------------------------------------------------------
DATA16_Z
  Relative segment, address: 0284, align: 1
  Segment part 2.
    -------------------------------------------------------------------------
DATA16_I
  Relative segment, address: 020A, align: 1
  Segment part 3.
    -------------------------------------------------------------------------
DATA16_ID
  Relative segment, address: C00A, align: 1
  Segment part 4.
    -------------------------------------------------------------------------
CSTART
  Relative segment, address: C034 - C037 (0x4 bytes), align: 1
  Segment part 9.
           ENTRY                   ADDRESS         REF BY
           =====                   =======         ======
           __program_start         C034            ?reset_vector (?reset_vector)
                                                   Absolute parts (?ABS_ENTRY_MOD)
           ?cstart_begin           C034 
    -------------------------------------------------------------------------
CSTART
  Relative segment, address: C038 - C043 (0xc bytes), align: 1
  Segment part 12.
           ENTRY                   ADDRESS         REF BY
           =====                   =======         ======
           ?cstart_init_zero       C038            CommandId (DataSendRec)
                                                   DataRecFlag (DataSendRec)
                                                   Day (DigtalClock)
                                                   DisplayDigtalClockFlag (main)
                                                   DisplayModeChargetimes (main)
                                                   DisplayRate::Display_Times (HT1621)
                                                   GetRate::buffer (IRsensor)
                                                   Hour (DigtalClock)
                                                   Min (DigtalClock)
                                                   Month (DigtalClock)
                                                   MsgLength (DataSendRec)
                                                   MsgStatus (DataSendRec)
                                                   RadioInit::txBuffer (CC1101)
                                                   Rate (main)
                                                   RateDisplayFlag (main)
                                                   RefreshTime (main)
                                                   RxBuffer (DataSendRec)
                                                   Sen (DigtalClock)
                                                   SequenceId (DataSendRec)
                                                   Timer1_A1::IRTimerValue (IRsensor)
                                                   Timer1_A1::OverflowTime (IRsensor)
                                                   Timer1_A1::OverflowValue (IRsensor)
                                                   Timer1_A1::Valuefabs (IRsensor)
                                                   TimerValue (main)
                                                   TotalDrip (main)
                                                   TxBuffer (DataSendRec)
                                                   USCI0RX_ISR::buf (Uart)
                                                   WorkingStatus (main)
                                                   Year (DigtalClock)
    -------------------------------------------------------------------------
CSTART
  Relative segment, address: C044 - C053 (0x10 bytes), align: 1
  Segment part 13.
           ENTRY                   ADDRESS         REF BY
           =====                   =======         ======
           ?cstart_init_copy       C044            CurrentSpeed (main)
                                                   DisplayMode (main)
                                                   ModelAddress (DataSendRec)
                                                   MonthDay (DigtalClock)
                                                   MsgBegin (DataSendRec)
                                                   TerminalID (DataSendRec)
                                                   TerminalPowerPrecent (main)
                                                   Timer1_A1::StoreTimes (IRsensor)
                                                   seg_tab1 (HT1621)
                                                   seg_tab2 (HT1621)
                                                   time_num (main)
    -------------------------------------------------------------------------
CSTART
  Relative segment, address: C054 - C05B (0x8 bytes), align: 1
  Segment part 17.            Intra module refs:   Segment part 9
           ENTRY                   ADDRESS         REF BY
           =====                   =======         ======
           ?cstart_call_main       C054 
           ?cstart_end             C05C 

    -------------------------------------------------------------------------
  LIBRARY MODULE, NAME : ?reset_vector

  SEGMENTS IN THE MODULE
  ======================
RESET
  Relative segment, address: FFFE - FFFF (0x2 bytes), align: 1
  Segment part 0.
           ENTRY                   ADDRESS         REF BY
           =====                   =======         ======
           ?reset_vector           FFFE            Segment part 9 (?cstart)

    -------------------------------------------------------------------------
  LIBRARY MODULE, NAME : ?Epilogue

  SEGMENTS IN THE MODULE
  ======================
<CODE> 1 (was CODE)
  Relative segment, address: D42E - D43F (0x12 bytes), align: 1
  Segment part 0.
           ENTRY                   ADDRESS         REF BY
           =====                   =======         ======
           ?Epilogue3              D438 
           ?Epilogue4              D436 
           ?Epilogue5              D434 
           ?Epilogue6              D432            Display_Digit (HT1621)
           ?Epilogue7              D430 
           ?Epilogue8              D42E 

    -------------------------------------------------------------------------
  LIBRARY MODULE, NAME : ?exit

  SEGMENTS IN THE MODULE
  ======================
<CODE> 1 (was CODE)
  Relative segment, address: D4B8 - D4BB (0x4 bytes), align: 1
  Segment part 2.
           ENTRY                   ADDRESS         REF BY
           =====                   =======         ======
           exit                    D4B8            Segment part 17 (?cstart)
               calls direct
               CSTACK = 00000000 ( 00000002 )

    -------------------------------------------------------------------------
  LIBRARY MODULE, NAME : ?fabs

  SEGMENTS IN THE MODULE
  ======================
<CODE> 1 (was CODE)
  Relative segment, address: CEE2 - CF27 (0x46 bytes), align: 1
  Segment part 2.
           ENTRY                   ADDRESS         REF BY
           =====                   =======         ======
           fabs                    CEE2            Timer1_A1 (IRsensor)
               calls direct
               CSTACK = 00000000 ( 00000006 )

    -------------------------------------------------------------------------
  LIBRARY MODULE, NAME : ?Cast32f32i

  SEGMENTS IN THE MODULE
  ======================
<CODE> 1 (was CODE)
  Relative segment, address: C810 - C8A1 (0x92 bytes), align: 1
  Segment part 0.
           ENTRY                   ADDRESS         REF BY
           =====                   =======         ======
           _Cast32sto32f           C810            GetRate (IRsensor)
           _Cast32uto32f           C824            GetRate (IRsensor)
                                                   Timer1_A1 (IRsensor)

    -------------------------------------------------------------------------
  LIBRARY MODULE, NAME : _Cast32fto32u

  SEGMENTS IN THE MODULE
  ======================
<CODE> 1 (was CODE)
  Relative segment, address: D484 - D48F (0xc bytes), align: 1
  Segment part 0.
           ENTRY                   ADDRESS         REF BY
           =====                   =======         ======
           _Cast32fto32u           D484            GetRate (IRsensor)

    -------------------------------------------------------------------------
  LIBRARY MODULE, NAME : ?FLT_Extract

  SEGMENTS IN THE MODULE
  ======================
<CODE> 1 (was CODE)
  Relative segment, address: CE4C - CE97 (0x4c bytes), align: 1
  Segment part 0.
           ENTRY                   ADDRESS         REF BY
           =====                   =======         ======
           ?FLT_Extract            CE4C            _Cast32fto32u (_Cast32fto32u)

    -------------------------------------------------------------------------
  LIBRARY MODULE, NAME : ?FLT_GE

  SEGMENTS IN THE MODULE
  ======================
<CODE> 1 (was CODE)
  Relative segment, address: CD52 - CDA7 (0x56 bytes), align: 1
  Segment part 0.
           ENTRY                   ADDRESS         REF BY
           =====                   =======         ======
           ?FLT_GE                 CD52            _CmpGe32f (_CmpGe32f)

    -------------------------------------------------------------------------
  LIBRARY MODULE, NAME : ?FLT_LT

  SEGMENTS IN THE MODULE
  ======================
<CODE> 1 (was CODE)
  Relative segment, address: CDFA - CE4B (0x52 bytes), align: 1
  Segment part 0.
           ENTRY                   ADDRESS         REF BY
           =====                   =======         ======
           ?FLT_LT                 CDFA            _CmpLt32f (_CmpLt32f)

    -------------------------------------------------------------------------
  LIBRARY MODULE, NAME : _CmpGe32f

  SEGMENTS IN THE MODULE
  ======================
<CODE> 1 (was CODE)
  Relative segment, address: D490 - D499 (0xa bytes), align: 1
  Segment part 0.
           ENTRY                   ADDRESS         REF BY
           =====                   =======         ======
           _CmpGe32f               D490            Timer1_A1 (IRsensor)

    -------------------------------------------------------------------------
  LIBRARY MODULE, NAME : _CmpLt32f

  SEGMENTS IN THE MODULE
  ======================
<CODE> 1 (was CODE)
  Relative segment, address: D49A - D4A3 (0xa bytes), align: 1
  Segment part 0.
           ENTRY                   ADDRESS         REF BY
           =====                   =======         ======
           _CmpLt32f               D49A            fabs (?fabs)

    -------------------------------------------------------------------------
  LIBRARY MODULE, NAME : _Div32f

  SEGMENTS IN THE MODULE
  ======================
<CODE> 1 (was CODE)
  Relative segment, address: C63A - C769 (0x130 bytes), align: 1
  Segment part 0.
           ENTRY                   ADDRESS         REF BY
           =====                   =======         ======
           _Div32f                 C63A            GetRate (IRsensor)

    -------------------------------------------------------------------------
  LIBRARY MODULE, NAME : _Add32f

  SEGMENTS IN THE MODULE
  ======================
<CODE> 1 (was CODE)
  Relative segment, address: C382 - C4E3 (0x162 bytes), align: 1
  Segment part 0.
           ENTRY                   ADDRESS         REF BY
           =====                   =======         ======
           _Add32f                 C386            GetRate (IRsensor)
           _Sub32f                 C382            Timer1_A1 (IRsensor)

    -------------------------------------------------------------------------
  LIBRARY MODULE, NAME : ?DivMod816u

  SEGMENTS IN THE MODULE
  ======================
<CODE> 1 (was CODE)
  Relative segment, address: D2F6 - D311 (0x1c bytes), align: 1
  Segment part 0.
           ENTRY                   ADDRESS         REF BY
           =====                   =======         ======
           ?DivMod8u               D2F6            Timer_A0_1 (IRsensor)
           ?DivMod16u              D2FA            Segment part 0 (?DivMod816s)
                                                   Timer_A0_0 (IRsensor)

    -------------------------------------------------------------------------
  LIBRARY MODULE, NAME : ?DivMod816s

  SEGMENTS IN THE MODULE
  ======================
<CODE> 1 (was CODE)
  Relative segment, address: D15C - D18F (0x34 bytes), align: 1
  Segment part 0.
           ENTRY                   ADDRESS         REF BY
           =====                   =======         ======
           ?DivMod8s               D15C 
           ?DivMod16s              D160            Display_Digit (HT1621)

    -------------------------------------------------------------------------
  LIBRARY MODULE, NAME : ?ShiftRight16u_n

  SEGMENTS IN THE MODULE
  ======================
<CODE> 1 (was CODE)
  Relative segment, address: D348 - D34B (0x4 bytes), align: 1
  Segment part 0.
           ENTRY                   ADDRESS         REF BY
           =====                   =======         ======
           ?ShiftRight16u_7        D348            __iar_Dtest (?xdtest)
    -------------------------------------------------------------------------
<CODE> 1 (was CODE)
  Relative segment, address: D34C - D34F (0x4 bytes), align: 1
  Segment part 1.             Intra module refs:   ?ShiftRight16u_7
           ENTRY                   ADDRESS         REF BY
           =====                   =======         ======
           ?ShiftRight16u_6        D34C 
    -------------------------------------------------------------------------
<CODE> 1 (was CODE)
  Relative segment, address: D350 - D353 (0x4 bytes), align: 1
  Segment part 2.             Intra module refs:   ?ShiftRight16u_6
           ENTRY                   ADDRESS         REF BY
           =====                   =======         ======
           ?ShiftRight16u_5        D350 
    -------------------------------------------------------------------------
<CODE> 1 (was CODE)
  Relative segment, address: D354 - D357 (0x4 bytes), align: 1
  Segment part 3.             Intra module refs:   ?ShiftRight16u_5
           ENTRY                   ADDRESS         REF BY
           =====                   =======         ======
           ?ShiftRight16u_4        D354 
    -------------------------------------------------------------------------
<CODE> 1 (was CODE)
  Relative segment, address: D358 - D361 (0xa bytes), align: 1
  Segment part 4.             Intra module refs:   ?ShiftRight16u_4
           ENTRY                   ADDRESS         REF BY
           =====                   =======         ======
           ?ShiftRight16u_3        D358 

    -------------------------------------------------------------------------
  LIBRARY MODULE, NAME : ?memcpy

  SEGMENTS IN THE MODULE
  ======================
<CODE> 1 (was CODE)
  Relative segment, address: D40A - D41B (0x12 bytes), align: 1
  Segment part 2.
           ENTRY                   ADDRESS         REF BY
           =====                   =======         ======
           memcpy                  D40A            __data16_memcpy (?memzero)
               CSTACK = 00000000 ( 00000002 )

    -------------------------------------------------------------------------
  LIBRARY MODULE, NAME : ?memzero

  SEGMENTS IN THE MODULE
  ======================
<CODE> 1 (was CODE)
  Relative segment, address: D41C - D42D (0x12 bytes), align: 1
  Segment part 4.
           ENTRY                   ADDRESS         REF BY
           =====                   =======         ======
           __data16_memzero        D41C            ?cstart_init_zero (?cstart)
               CSTACK = 00000000 ( 00000002 )
    -------------------------------------------------------------------------
<CODE> 1 (was CODE)
  Relative segment, address: D4AC - D4AF (0x4 bytes), align: 1
  Segment part 3.
           ENTRY                   ADDRESS         REF BY
           =====                   =======         ======
           __data16_memcpy         D4AC            ?cstart_init_copy (?cstart)
               calls direct
               CSTACK = 00000000 ( 00000002 )

    -------------------------------------------------------------------------
  LIBRARY MODULE, NAME : ?xdtest

  SEGMENTS IN THE MODULE
  ======================
<CODE> 1 (was CODE)
  Relative segment, address: D24E - D271 (0x24 bytes), align: 1
  Segment part 2.
           ENTRY                   ADDRESS         REF BY
           =====                   =======         ======
           __iar_Dtest             D24E            fabs (?fabs)
               CSTACK = 00000000 ( 00000002 )




                ****************************************
                *                                      *
                *      SEGMENTS IN ADDRESS ORDER       *
                *                                      *
                ****************************************


SEGMENT              SPACE    START ADDRESS   END ADDRESS     SIZE  TYPE  ALIGN
=======              =====    =============   ===========     ====  ====  =====
DATA16_AN                              0001 - 0001               1   rel    0
                                       0003 - 0003               1 
                                       0018 - 0018               1 
                                       001A - 001B               2 
                                       001D - 001E               2 
                                       0020 - 0026               7 
                                       0029 - 002A               2 
                                       0031 - 0032               2 
                                       0034 - 003A               7 
                                       0050 - 0050               1 
                                       0052 - 0053               2 
                                       0061 - 0064               4 
                                       0066 - 006B               6 
                                       006E - 006F               2 
                                       011E - 0121               4 
                                       012E - 012F               2 
                                       0160 - 0165               6 
                                       0172 - 0175               4 
                                       0180 - 0181               2 
                                       0188 - 0189               2 
                                       0198 - 0199               2 
DATA16_I                               0200 - 0232              33   rel    1
DATA16_Z                               0234 - 0311              DE   rel    1
CSTACK                                 03B0 - 03FF              50   rel    1
DATA16_C                                  C000                       dse    0
DATA16_ID                              C000 - C032              33   rel    1
CSTART                                 C034 - C05B              28   rel    1
<CODE> 1                               C05C - D4BD            1462   rel    1
INTVEC                                 FFE0 - FFF9              1A   com    1
RESET                                  FFFE - FFFF               2   rel    1

                ****************************************
                *                                      *
                *        END OF CROSS REFERENCE        *
                *                                      *
                ****************************************

 5 286 bytes of CODE  memory
   353 bytes of DATA  memory (+ 62 absolute )
    51 bytes of CONST memory

Errors: none
Warnings: none

