Warning[w6]: Type conflict for external/entry "RxBuffer", in module CC1101 against external/entry in module DataSendRec; array types have different element types; different basic types
  /* In module CC1101: */
  unsigned char RxBuffer[64];
  /* In module DataSendRec: */
  char RxBuffer[64];
################################################################################
#                                                                              #
#      IAR Universal Linker V5.3.2.26                                          #
#                                                                              #
#           Link time     =  19/Apr/2014  22:21:39                             #
#           Target CPU    =  MSP430                                            #
#           List file     =  D:\Work\My_Project\Client\Client\Debug\List\XY101 #
#                            .map                                              #
#           Output file 1 =  D:\Work\My_Project\Client\Client\Debug\Exe\XY101. #
#                            d43                                               #
#                            Format: debug                                     #
#                            UBROF version 10.0.6                              #
#                            Using library modules for C-SPY (-rt)             #
#           Command line  =  D:\Work\My_Project\Client\Client\Debug\Obj\Batter #
#                            y.r43                                             #
#                            D:\Work\My_Project\Client\Client\Debug\Obj\CC1100 #
#                            -CC2500.r43                                       #
#                            D:\Work\My_Project\Client\Client\Debug\Obj\CC1101 #
#                            .r43                                              #
#                            D:\Work\My_Project\Client\Client\Debug\Obj\DataSe #
#                            ndRec.r43                                         #
#                            D:\Work\My_Project\Client\Client\Debug\Obj\Digtal #
#                            Clock.r43                                         #
#                            D:\Work\My_Project\Client\Client\Debug\Obj\Displa #
#                            y.r43                                             #
#                            D:\Work\My_Project\Client\Client\Debug\Obj\HAL_FL #
#                            ASH.r43                                           #
#                            D:\Work\My_Project\Client\Client\Debug\Obj\IDS210 #
#                            0.r43                                             #
#                            D:\Work\My_Project\Client\Client\Debug\Obj\IRsens #
#                            or.r43                                            #
#                            D:\Work\My_Project\Client\Client\Debug\Obj\TI_CC_ #
#                            spi.r43                                           #
#                            D:\Work\My_Project\Client\Client\Debug\Obj\Uart.r #
#                            43                                                #
#                            D:\Work\My_Project\Client\Client\Debug\Obj\key.r4 #
#                            3                                                 #
#                            D:\Work\My_Project\Client\Client\Debug\Obj\main.r #
#                            43                                                #
#                            -o                                                #
#                            D:\Work\My_Project\Client\Client\Debug\Exe\XY101. #
#                            d43                                               #
#                            -l                                                #
#                            D:\Work\My_Project\Client\Client\Debug\List\XY101 #
#                            .map                                              #
#                            -xms                                              #
#                            "-IC:\Program Files\IAR Systems\Embedded Workbenc #
#                            h 6.4 Evaluation\430\LIB\"                        #
#                            -f                                                #
#                            D:\Work\My_Project\Client\Client\lnk430F4152.xcl  #
#                            (-cmsp430 -QCODE_I=CODE_ID                        #
#                            -Z(DATA)DATA16_I,DATA16_Z,DATA16_N,TLS16_I,DATA16 #
#                            _HEAP+_DATA16_HEAP_SIZE=0200-03FF                 #
#                            -Z(DATA)CODE_I -Z(DATA)CSTACK+_STACK_SIZE#        #
#                            -Z(CONST)INFO=1000-10FF                           #
#                            -Z(CONST)INFOA=10C0-10FF                          #
#                            -Z(CONST)INFOB=1080-10BF                          #
#                            -Z(CONST)INFOC=1040-107F                          #
#                            -Z(CONST)INFOD=1000-103F                          #
#                            -Z(CONST)DATA16_C,DATA16_ID,TLS16_ID,DIFUNCT,CHEC #
#                            KSUM=C000-FFDF                                    #
#                            -Z(CODE)CSTART,ISR_CODE,CODE_ID=C000-F7FF         #
#                            -P(CODE)CODE=C000-F7FF -Z(CODE)INTVEC=FFE0-FFFF   #
#                            -Z(CODE)RESET=FFFE-FFFF) -D_STACK_SIZE=50 -rt     #
#                            "C:\Program Files\IAR Systems\Embedded Workbench  #
#                            6.4 Evaluation\430\LIB\DLIB\dl430fn.r43"          #
#                            -D_DATA16_HEAP_SIZE=50 -s __program_start         #
#                            -D_DATA20_HEAP_SIZE=50                            #
#                                                                              #
#                           Copyright (C) 1987-2012 IAR Systems AB.            #
################################################################################





                ****************************************
                *                                      *
                *           CROSS REFERENCE            *
                *                                      *
                ****************************************

       Program entry at :           C038  Relocatable, from module : ?cstart




                ****************************************
                *                                      *
                *            RUNTIME MODEL             *
                *                                      *
                ****************************************

  __Heap_Handler             = Basic
  __SystemLibrary            = DLib
  __core                     = 430
  __dlib_file_descriptor     = 0
  __dlib_full_locale_support = 0
  __double_size              = 32
  __pic                      = no
  __reg_r4                   = free
  __reg_r5                   = free
  __rt_version               = 3

                ****************************************
                *                                      *
                *    AUTOMATIC SYMBOL REDIRECTIONS     *
                *                                      *
                ****************************************

                  There are no automatic symbol redirections.



                ****************************************
                *                                      *
                *              MODULE MAP              *
                *                                      *
                ****************************************


  DEFINED ABSOLUTE ENTRIES
    *************************************************************************

  DEFINED ABSOLUTE ENTRIES
  PROGRAM MODULE, NAME : ?ABS_ENTRY_MOD

Absolute parts
           ENTRY                   ADDRESS         REF BY
           =====                   =======         ======
           _DATA20_HEAP_SIZE       0050 
           _DATA16_HEAP_SIZE       0050 
           _STACK_SIZE             0050 
    *************************************************************************

  FILE NAME : D:\Work\My_Project\Client\Client\Debug\Obj\Battery.r43
  PROGRAM MODULE, NAME : Battery

  SEGMENTS IN THE MODULE
  ======================
DATA16_AN
  Relative segment, address: 004A - 004A (0x1 bytes), align: 0
  Segment part 1. ROOT.       Intra module refs:   GetBatteyValue
           ENTRY                   ADDRESS         REF BY
           =====                   =======         ======
           ADC10AE0                004A 
    -------------------------------------------------------------------------
DATA16_AN
  Relative segment, address: 01B0 - 01B1 (0x2 bytes), align: 0
  Segment part 2. ROOT.       Intra module refs:   GetBatteyValue
           ENTRY                   ADDRESS         REF BY
           =====                   =======         ======
           ADC10CTL0               01B0 
    -------------------------------------------------------------------------
DATA16_AN
  Relative segment, address: 01B2 - 01B3 (0x2 bytes), align: 0
  Segment part 3. ROOT.       Intra module refs:   GetBatteyValue
           ENTRY                   ADDRESS         REF BY
           =====                   =======         ======
           ADC10CTL1               01B2 
    -------------------------------------------------------------------------
DATA16_AN
  Relative segment, address: 01B4 - 01B5 (0x2 bytes), align: 0
  Segment part 4. ROOT.       Intra module refs:   GetBatteyValue
           ENTRY                   ADDRESS         REF BY
           =====                   =======         ======
           ADC10MEM                01B4 
    -------------------------------------------------------------------------
<CODE> 1 (was CODE)
  Relative segment, address: DA8E - DAB1 (0x24 bytes), align: 1
  Segment part 7.             Intra module refs:   GetBatteyLevel
           ENTRY                   ADDRESS         REF BY
           =====                   =======         ======
           GetBatteyValue          DA8E 
               CSTACK = 00000000 ( 00000002 )
    -------------------------------------------------------------------------
<CODE> 1 (was CODE)
  Relative segment, address: D1F4 - D27B (0x88 bytes), align: 1
  Segment part 8.
           ENTRY                   ADDRESS         REF BY
           =====                   =======         ======
           GetBatteyLevel          D1F4            main (main)
               calls direct
               CSTACK = 00000000 ( 00000006 )
    -------------------------------------------------------------------------
DATA16_Z
  Relative segment, address: 0216 - 0235 (0x20 bytes), align: 1
  Segment part 6.             Intra module refs:   GetBatteyLevel
           LOCAL                   ADDRESS         
           =====                   =======         
           GetBatteyLevel::adcValue
                                   0216 

    *************************************************************************

  FILE NAME : D:\Work\My_Project\Client\Client\Debug\Obj\CC1100-CC2500.r43
  PROGRAM MODULE, NAME : CC1100-CC2500

  SEGMENTS IN THE MODULE
  ======================
DATA16_AN
  Relative segment, address: 0020 - 0020 (0x1 bytes), align: 0
  Segment part 1. ROOT.       Intra module refs:   IRReceiveStatus (IRsensor)
                                                   RFSendPacket
                                                   port1_ISR (key)
           ENTRY                   ADDRESS         REF BY
           =====                   =======         ======
           P1IN                    0020 
    -------------------------------------------------------------------------
<CODE> 1 (was CODE)
  Relative segment, address: C060 - C1F9 (0x19a bytes), align: 1
  Segment part 5.
           ENTRY                   ADDRESS         REF BY
           =====                   =======         ======
           writeRFSettings         C060            RadioInit (CC1101)
               calls direct
               CSTACK = 00000000 ( 00000002 )
    -------------------------------------------------------------------------
<CODE> 1 (was CODE)
  Relative segment, address: D0DC - D16B (0x90 bytes), align: 1
  Segment part 4.
           ENTRY                   ADDRESS         REF BY
           =====                   =======         ======
           RFSendPacket            D0DC            Transmit (CC1101)
               calls direct
               CSTACK = 00000000 ( 00000006 )
    -------------------------------------------------------------------------
<CODE> 1 (was CODE)
  Relative segment, address: CFA4 - D049 (0xa6 bytes), align: 1
  Segment part 3.
           ENTRY                   ADDRESS         REF BY
           =====                   =======         ======
           RFReceivePacket         CFA4            ReceiveData (CC1101)
               calls direct
               CSTACK = 00000000 ( 00000004 )

    *************************************************************************

  FILE NAME : D:\Work\My_Project\Client\Client\Debug\Obj\CC1101.r43
  PROGRAM MODULE, NAME : CC1101

  SEGMENTS IN THE MODULE
  ======================
DATA16_AN
  Relative segment, address: 0022 - 0022 (0x1 bytes), align: 0
  Segment part 1. ROOT.       Intra module refs:   IRSensorPortInit (IRsensor)
                                                   KeyInit (key)
                                                   RadioInit
           ENTRY                   ADDRESS         REF BY
           =====                   =======         ======
           P1DIR                   0022 
    -------------------------------------------------------------------------
DATA16_AN
  Relative segment, address: 0023 - 0023 (0x1 bytes), align: 0
  Segment part 2. ROOT.       Intra module refs:   KeyInit (key)
                                                   RadioInit
                                                   ReceiveOff
                                                   ReceiveOn
                                                   port1_ISR (key)
           ENTRY                   ADDRESS         REF BY
           =====                   =======         ======
           P1IFG                   0023 
    -------------------------------------------------------------------------
DATA16_AN
  Relative segment, address: 0024 - 0024 (0x1 bytes), align: 0
  Segment part 3. ROOT.       Intra module refs:   KeyInit (key)
                                                   RadioInit
                                                   ReceiveOn
           ENTRY                   ADDRESS         REF BY
           =====                   =======         ======
           P1IES                   0024 
    -------------------------------------------------------------------------
DATA16_AN
  Relative segment, address: 0025 - 0025 (0x1 bytes), align: 0
  Segment part 4. ROOT.       Intra module refs:   KeyInit (key)
                                                   RadioInit
                                                   ReceiveOff
                                                   ReceiveOn
           ENTRY                   ADDRESS         REF BY
           =====                   =======         ======
           P1IE                    0025 
    -------------------------------------------------------------------------
DATA16_AN
  Relative segment, address: 0026 - 0026 (0x1 bytes), align: 0
  Segment part 5. ROOT.       Intra module refs:   IRRecCaptureInit (IRsensor)
                                                   RadioInit
           ENTRY                   ADDRESS         REF BY
           =====                   =======         ======
           P1SEL                   0026 
    -------------------------------------------------------------------------
<CODE> 1 (was CODE)
  Relative segment, address: D16C - D1F3 (0x88 bytes), align: 1
  Segment part 16.
           ENTRY                   ADDRESS         REF BY
           =====                   =======         ======
           RadioInit               D16C            main (main)
               calls direct
               CSTACK = 00000000 ( 00000002 )
    -------------------------------------------------------------------------
DATA16_Z
  Relative segment, address: 02B8 - 02B8 (0x1 bytes), align: 0
  Segment part 10.            Intra module refs:   RadioInit
           LOCAL                   ADDRESS         
           =====                   =======         
           RadioInit::txBuffer     02B8 
    -------------------------------------------------------------------------
<CODE> 1 (was CODE)
  Relative segment, address: DD20 - DD23 (0x4 bytes), align: 1
  Segment part 15.
           ENTRY                   ADDRESS         REF BY
           =====                   =======         ======
           Transmit                DD20            LoginTransmit (DataSendRec)
                                                   WorkingStateMsgTransmit (DataSendRec)
               calls direct
               CSTACK = 00000000 ( 00000002 )
    -------------------------------------------------------------------------
<CODE> 1 (was CODE)
  Relative segment, address: DBD8 - DBEB (0x14 bytes), align: 1
  Segment part 13.            Intra module refs:   ReceiveData
           ENTRY                   ADDRESS         REF BY
           =====                   =======         ======
           ClearRecBuf             DBD8 
               CSTACK = 00000000 ( 00000002 )
    -------------------------------------------------------------------------
<CODE> 1 (was CODE)
  Relative segment, address: DC4A - DC59 (0x10 bytes), align: 1
  Segment part 14.
           ENTRY                   ADDRESS         REF BY
           =====                   =======         ======
           ReceiveData             DC4A            main (main)
               calls direct
               CSTACK = 00000000 ( 00000002 )
    -------------------------------------------------------------------------
<CODE> 1 (was CODE)
  Relative segment, address: DA22 - DA45 (0x24 bytes), align: 1
  Segment part 12.
           ENTRY                   ADDRESS         REF BY
           =====                   =======         ======
           ReceiveOn               DA22            main (main)
               calls direct
               CSTACK = 00000000 ( 00000002 )
    -------------------------------------------------------------------------
<CODE> 1 (was CODE)
  Relative segment, address: DC5A - DC69 (0x10 bytes), align: 1
  Segment part 11.            Intra module refs:   ReceiveData
           ENTRY                   ADDRESS         REF BY
           =====                   =======         ======
           ReceiveOff              DC5A 
               calls direct
               CSTACK = 00000000 ( 00000002 )

    *************************************************************************

  FILE NAME : D:\Work\My_Project\Client\Client\Debug\Obj\DataSendRec.r43
  PROGRAM MODULE, NAME : DataSendRec

  SEGMENTS IN THE MODULE
  ======================
DATA16_Z
  Relative segment, address: 02B9 - 02F8 (0x40 bytes), align: 0
  Segment part 2.             Intra module refs:   LoginTransmit
                                                   MessageHeader
                                                   WorkingStateMsgTransmit
           ENTRY                   ADDRESS         REF BY
           =====                   =======         ======
           TxBuffer                02B9 
    -------------------------------------------------------------------------
DATA16_Z
  Relative segment, address: 02F9 - 0338 (0x40 bytes), align: 0
  Segment part 3.             Intra module refs:   RecDataCheck
           ENTRY                   ADDRESS         REF BY
           =====                   =======         ======
           RxBuffer                02F9            ClearRecBuf (CC1101)
                                                   ReceiveData (CC1101)
    -------------------------------------------------------------------------
DATA16_I
  Relative segment, address: 0200 - 0201 (0x2 bytes), align: 1
  Segment part 4.             Intra module refs:   MessageHeader
           ENTRY                   ADDRESS         REF BY
           =====                   =======         ======
           MsgBegin                0200 
    -------------------------------------------------------------------------
DATA16_Z
  Relative segment, address: 0236 - 0237 (0x2 bytes), align: 1
  Segment part 6.             Intra module refs:   LoginTransmit
                                                   MessageHeader
                                                   WorkingStateMsgTransmit
           ENTRY                   ADDRESS         REF BY
           =====                   =======         ======
           MsgLength               0236 
    -------------------------------------------------------------------------
DATA16_Z
  Relative segment, address: 0339 - 0339 (0x1 bytes), align: 0
  Segment part 7.             Intra module refs:   LoginTransmit
                                                   MessageHeader
                                                   WorkingStateMsgTransmit
           ENTRY                   ADDRESS         REF BY
           =====                   =======         ======
           CommandId               0339 
    -------------------------------------------------------------------------
DATA16_I
  Relative segment, address: 0202 - 0203 (0x2 bytes), align: 1
  Segment part 8.             Intra module refs:   MessageHeader
           ENTRY                   ADDRESS         REF BY
           =====                   =======         ======
           ModelAddress            0202 
    -------------------------------------------------------------------------
DATA16_Z
  Relative segment, address: 0238 - 023B (0x4 bytes), align: 1
  Segment part 10.            Intra module refs:   LoginTransmit
                                                   MessageHeader
                                                   WorkingStateMsgTransmit
           ENTRY                   ADDRESS         REF BY
           =====                   =======         ======
           SequenceId              0238 
    -------------------------------------------------------------------------
DATA16_Z
  Relative segment, address: 033A - 033A (0x1 bytes), align: 0
  Segment part 11.            Intra module refs:   LoginTransmit
                                                   MessageHeader
                                                   WorkingStateMsgTransmit
           ENTRY                   ADDRESS         REF BY
           =====                   =======         ======
           MsgStatus               033A 
    -------------------------------------------------------------------------
DATA16_I
  Relative segment, address: 020C - 0211 (0x6 bytes), align: 0
  Segment part 12.            Intra module refs:   MessageHeader
           ENTRY                   ADDRESS         REF BY
           =====                   =======         ======
           TerminalID              020C 
    -------------------------------------------------------------------------
DATA16_Z
  Relative segment, address: 033B - 033B (0x1 bytes), align: 0
  Segment part 14.
           ENTRY                   ADDRESS         REF BY
           =====                   =======         ======
           DataRecFlag             033B            Timer_A0_1 (IRsensor)
                                                   main (main)
                                                   port1_ISR (key)
    -------------------------------------------------------------------------
DATA16_Z
  Relative segment, address: 033C - 033C (0x1 bytes), align: 0
  Segment part 19.            Intra module refs:   RecDataCheck
           ENTRY                   ADDRESS         REF BY
           =====                   =======         ======
           WorkingStateSendSuccessFlag
                                   033C 
    -------------------------------------------------------------------------
<CODE> 1 (was CODE)
  Relative segment, address: D27C - D2FB (0x80 bytes), align: 1
  Segment part 20.            Intra module refs:   LoginTransmit
                                                   WorkingStateMsgTransmit
           ENTRY                   ADDRESS         REF BY
           =====                   =======         ======
           MessageHeader           D27C 
               CSTACK = 00000000 ( 00000002 )
    -------------------------------------------------------------------------
<CODE> 1 (was CODE)
  Relative segment, address: D4A4 - D4F9 (0x56 bytes), align: 1
  Segment part 21.            Intra module refs:   RecDataCheck
           ENTRY                   ADDRESS         REF BY
           =====                   =======         ======
           WorkingStateMsgTransmit
                                   D4A4 
               calls direct
               CSTACK = 00000000 ( 00000002 )
    -------------------------------------------------------------------------
<CODE> 1 (was CODE)
  Relative segment, address: D82A - D867 (0x3e bytes), align: 1
  Segment part 25.
           ENTRY                   ADDRESS         REF BY
           =====                   =======         ======
           LoginTransmit           D82A            main (main)
               calls direct
               CSTACK = 00000000 ( 00000002 )
    -------------------------------------------------------------------------
<CODE> 1 (was CODE)
  Relative segment, address: D9CE - D9F7 (0x2a bytes), align: 1
  Segment part 22.
           ENTRY                   ADDRESS         REF BY
           =====                   =======         ======
           RecDataCheck            D9CE            main (main)
               calls direct
               CSTACK = 00000000 ( 00000002 )
    -------------------------------------------------------------------------
DATA16_ID
  Relative segment, address: C022 - C023 (0x2 bytes), align: 1
  Segment part 5.             Intra module refs:   MsgBegin
    -------------------------------------------------------------------------
DATA16_ID
  Relative segment, address: C024 - C025 (0x2 bytes), align: 1
  Segment part 9.             Intra module refs:   ModelAddress
    -------------------------------------------------------------------------
DATA16_ID
  Relative segment, address: C02E - C033 (0x6 bytes), align: 0
  Segment part 13.            Intra module refs:   TerminalID

    *************************************************************************

  FILE NAME : D:\Work\My_Project\Client\Client\Debug\Obj\DigtalClock.r43
    *************************************************************************

  FILE NAME : D:\Work\My_Project\Client\Client\Debug\Obj\Display.r43
  PROGRAM MODULE, NAME : Display

  SEGMENTS IN THE MODULE
  ======================
DATA16_AN
  Relative segment, address: 0090 - 0090 (0x1 bytes), align: 0
  Segment part 1. ROOT.       Intra module refs:   LCDInit
           ENTRY                   ADDRESS         REF BY
           =====                   =======         ======
           LCDACTL                 0090 
    -------------------------------------------------------------------------
DATA16_AN
  Relative segment, address: 00AC - 00AC (0x1 bytes), align: 0
  Segment part 2. ROOT.       Intra module refs:   LCDInit
           ENTRY                   ADDRESS         REF BY
           =====                   =======         ======
           LCDAPCTL0               00AC 
    -------------------------------------------------------------------------
DATA16_AN
  Relative segment, address: 00AD - 00AD (0x1 bytes), align: 0
  Segment part 3. ROOT.       Intra module refs:   LCDInit
           ENTRY                   ADDRESS         REF BY
           =====                   =======         ======
           LCDAPCTL1               00AD 
    -------------------------------------------------------------------------
DATA16_AN
  Relative segment, address: 00AE - 00AE (0x1 bytes), align: 0
  Segment part 4. ROOT.       Intra module refs:   LCDInit
           ENTRY                   ADDRESS         REF BY
           =====                   =======         ======
           LCDAVCTL0               00AE 
    -------------------------------------------------------------------------
DATA16_AN
  Relative segment, address: 00AF - 00AF (0x1 bytes), align: 0
  Segment part 5. ROOT.       Intra module refs:   LCDInit
           ENTRY                   ADDRESS         REF BY
           =====                   =======         ======
           LCDAVCTL1               00AF 
    -------------------------------------------------------------------------
DATA16_AN
  Relative segment, address: 002E - 002E (0x1 bytes), align: 0
  Segment part 6. ROOT.       Intra module refs:   LCDInit
           ENTRY                   ADDRESS         REF BY
           =====                   =======         ======
           P2SEL                   002E 
    -------------------------------------------------------------------------
DATA16_AN
  Relative segment, address: 001B - 001B (0x1 bytes), align: 0
  Segment part 7. ROOT.       Intra module refs:   LCDInit
           ENTRY                   ADDRESS         REF BY
           =====                   =======         ======
           P3SEL                   001B 
    -------------------------------------------------------------------------
DATA16_AN
  Relative segment, address: 001F - 001F (0x1 bytes), align: 0
  Segment part 8. ROOT.       Intra module refs:   LCDInit
           ENTRY                   ADDRESS         REF BY
           =====                   =======         ======
           P4SEL                   001F 
    -------------------------------------------------------------------------
DATA16_AN
  Relative segment, address: 0033 - 0033 (0x1 bytes), align: 0
  Segment part 9. ROOT.       Intra module refs:   LCDInit
           ENTRY                   ADDRESS         REF BY
           =====                   =======         ======
           P5SEL                   0033 
    -------------------------------------------------------------------------
DATA16_AN
  Relative segment, address: 0039 - 0039 (0x1 bytes), align: 0
  Segment part 10. ROOT.      Intra module refs:   ISD2100_power_down (IDS2100)
                                                   ISD2100_power_up (IDS2100)
                                                   ISD2100_send_data (IDS2100)
                                                   LEDInit
                                                   LEDOff
                                                   LEDOn
                                                   VddIOEnable (main)
                                                   VoicePlay (IDS2100)
                                                   WriteVoice (IDS2100)
           ENTRY                   ADDRESS         REF BY
           =====                   =======         ======
           P7OUT                   0039 
    -------------------------------------------------------------------------
DATA16_AN
  Relative segment, address: 003A - 003A (0x1 bytes), align: 0
  Segment part 11. ROOT.      Intra module refs:   ISD2100Init (IDS2100)
                                                   LEDInit
                                                   VddIOEnable (main)
           ENTRY                   ADDRESS         REF BY
           =====                   =======         ======
           P7DIR                   003A 
    -------------------------------------------------------------------------
DATA16_C
  Relative segment, address: C000 - C009 (0xa bytes), align: 0
  Segment part 13.            Intra module refs:   DisplayRate
           ENTRY                   ADDRESS         REF BY
           =====                   =======         ======
           RataNumBuf              C000 
    -------------------------------------------------------------------------
DATA16_C
  Relative segment, address: C00A - C013 (0xa bytes), align: 0
  Segment part 14.            Intra module refs:   DisplayTotalDrop
           ENTRY                   ADDRESS         REF BY
           =====                   =======         ======
           TotalNumBuf             C00A 
    -------------------------------------------------------------------------
DATA16_C
  Relative segment, address: C014 - C01D (0xa bytes), align: 0
  Segment part 15.            Intra module refs:   DisplayDownAlarm
                                                   DisplayUpAlarm
           ENTRY                   ADDRESS         REF BY
           =====                   =======         ======
           AlarmNumBuf             C014 
    -------------------------------------------------------------------------
DATA16_I
  Relative segment, address: 0212 - 0212 (0x1 bytes), align: 0
  Segment part 16.            Intra module refs:   LCDInit
                                                   RefreshAlarmValue
           ENTRY                   ADDRESS         REF BY
           =====                   =======         ======
           AlarmUpperValue         0212            GetRate (IRsensor)
                                                   KeyFunction (key)
    -------------------------------------------------------------------------
DATA16_I
  Relative segment, address: 0213 - 0213 (0x1 bytes), align: 0
  Segment part 18.            Intra module refs:   LCDInit
                                                   RefreshAlarmValue
           ENTRY                   ADDRESS         REF BY
           =====                   =======         ======
           AlarmLowerValue         0213            GetRate (IRsensor)
                                                   KeyFunction (key)
    -------------------------------------------------------------------------
DATA16_Z
  Relative segment, address: 023C - 023D (0x2 bytes), align: 1
  Segment part 20.            Intra module refs:   DisplayTotalDrop
           ENTRY                   ADDRESS         REF BY
           =====                   =======         ======
           TotalDrop               023C            GetRate (IRsensor)
                                                   Timer1_A0 (IRsensor)
    -------------------------------------------------------------------------
DATA16_Z
  Relative segment, address: 033D - 033D (0x1 bytes), align: 0
  Segment part 21.            Intra module refs:   RefreshAlarmValue
           ENTRY                   ADDRESS         REF BY
           =====                   =======         ======
           Display_Blink_Flag      033D            KeyFunction (key)
                                                   Timer_A0_1 (IRsensor)
                                                   main (main)
    -------------------------------------------------------------------------
<CODE> 1 (was CODE)
  Relative segment, address: DCA4 - DCB1 (0xe bytes), align: 1
  Segment part 37.
           ENTRY                   ADDRESS         REF BY
           =====                   =======         ======
           LEDInit                 DCA4            main (main)
               CSTACK = 00000000 ( 00000002 )
    -------------------------------------------------------------------------
<CODE> 1 (was CODE)
  Relative segment, address: DBEC - DBFF (0x14 bytes), align: 1
  Segment part 36.
           ENTRY                   ADDRESS         REF BY
           =====                   =======         ======
           LEDOff                  DBEC            Timer_A0_1 (IRsensor)
                                                   main (main)
               CSTACK = 00000000 ( 00000002 )
    -------------------------------------------------------------------------
<CODE> 1 (was CODE)
  Relative segment, address: DBC4 - DBD7 (0x14 bytes), align: 1
  Segment part 35.
           ENTRY                   ADDRESS         REF BY
           =====                   =======         ======
           LEDOn                   DBC4            main (main)
               CSTACK = 00000000 ( 00000002 )
    -------------------------------------------------------------------------
<CODE> 1 (was CODE)
  Relative segment, address: D2FC - D36B (0x70 bytes), align: 1
  Segment part 34.
           ENTRY                   ADDRESS         REF BY
           =====                   =======         ======
           LCDInit                 D2FC            main (main)
               calls direct
               CSTACK = 00000000 ( 00000002 )
    -------------------------------------------------------------------------
<CODE> 1 (was CODE)
  Relative segment, address: D36C - D3D5 (0x6a bytes), align: 1
  Segment part 33.
           ENTRY                   ADDRESS         REF BY
           =====                   =======         ======
           RefreshAlarmValue       D36C            KeyFunction (key)
                                                   main (main)
               calls direct
               CSTACK = 00000000 ( 00000002 )
    -------------------------------------------------------------------------
<CODE> 1 (was CODE)
  Relative segment, address: DC6A - DC79 (0x10 bytes), align: 1
  Segment part 32.            Intra module refs:   LCDInit
           ENTRY                   ADDRESS         REF BY
           =====                   =======         ======
           DisplayLine             DC6A 
               CSTACK = 00000000 ( 00000002 )
    -------------------------------------------------------------------------
<CODE> 1 (was CODE)
  Relative segment, address: D3D6 - D43D (0x68 bytes), align: 1
  Segment part 31.            Intra module refs:   LCDInit
           ENTRY                   ADDRESS         REF BY
           =====                   =======         ======
           DisplayBattery          D3D6            main (main)
               CSTACK = 00000000 ( 00000002 )
    -------------------------------------------------------------------------
<CODE> 1 (was CODE)
  Relative segment, address: D5A2 - D5F1 (0x50 bytes), align: 1
  Segment part 30.            Intra module refs:   LCDInit
           ENTRY                   ADDRESS         REF BY
           =====                   =======         ======
           DisplayVoice            D5A2            KeyFunction (key)
               CSTACK = 00000000 ( 00000002 )
    -------------------------------------------------------------------------
<CODE> 1 (was CODE)
  Relative segment, address: CEF4 - CFA3 (0xb0 bytes), align: 1
  Segment part 29.            Intra module refs:   LCDInit
           ENTRY                   ADDRESS         REF BY
           =====                   =======         ======
           DisplayTotalDrop        CEF4            main (main)
               CSTACK = 00000000 ( 00000006 )
    -------------------------------------------------------------------------
<CODE> 1 (was CODE)
  Relative segment, address: CAEE - CBD3 (0xe6 bytes), align: 1
  Segment part 28.            Intra module refs:   LCDInit
           ENTRY                   ADDRESS         REF BY
           =====                   =======         ======
           DisplayRate             CAEE            main (main)
               CSTACK = 00000000 ( 00000008 )
    -------------------------------------------------------------------------
<CODE> 1 (was CODE)
  Relative segment, address: CBD4 - CCA3 (0xd0 bytes), align: 1
  Segment part 27.            Intra module refs:   LCDInit
                                                   RefreshAlarmValue
           ENTRY                   ADDRESS         REF BY
           =====                   =======         ======
           DisplayUpAlarm          CBD4 
               CSTACK = 00000000 ( 00000008 )
    -------------------------------------------------------------------------
<CODE> 1 (was CODE)
  Relative segment, address: CCA4 - CD73 (0xd0 bytes), align: 1
  Segment part 26.            Intra module refs:   LCDInit
                                                   RefreshAlarmValue
           ENTRY                   ADDRESS         REF BY
           =====                   =======         ======
           DisplayDownAlarm        CCA4 
               CSTACK = 00000000 ( 00000008 )
    -------------------------------------------------------------------------
DATA16_ID
  Relative segment, address: C034 - C034 (0x1 bytes), align: 0
  Segment part 17.            Intra module refs:   AlarmUpperValue
    -------------------------------------------------------------------------
DATA16_ID
  Relative segment, address: C035 - C035 (0x1 bytes), align: 0
  Segment part 19.            Intra module refs:   AlarmLowerValue

    *************************************************************************

  FILE NAME : D:\Work\My_Project\Client\Client\Debug\Obj\HAL_FLASH.r43
  PROGRAM MODULE, NAME : HAL_FLASH

  SEGMENTS IN THE MODULE
  ======================
DATA16_AN
  Relative segment, address: 0128 - 0129 (0x2 bytes), align: 0
  Segment part 1. ROOT.       Intra module refs:   FlashWrite_8
                                                   Flash_SegmentErase
           ENTRY                   ADDRESS         REF BY
           =====                   =======         ======
           FCTL1                   0128 
    -------------------------------------------------------------------------
DATA16_AN
  Relative segment, address: 012A - 012B (0x2 bytes), align: 0
  Segment part 2. ROOT.       Intra module refs:   FlashWrite_8
                                                   Flash_SegmentErase
           ENTRY                   ADDRESS         REF BY
           =====                   =======         ======
           FCTL2                   012A 
    -------------------------------------------------------------------------
DATA16_AN
  Relative segment, address: 012C - 012D (0x2 bytes), align: 0
  Segment part 3. ROOT.       Intra module refs:   FlashWrite_8
                                                   Flash_SegmentErase
           ENTRY                   ADDRESS         REF BY
           =====                   =======         ======
           FCTL3                   012C 
    -------------------------------------------------------------------------
<CODE> 1 (was CODE)
  Relative segment, address: D9F8 - DA21 (0x2a bytes), align: 1
  Segment part 10.
           ENTRY                   ADDRESS         REF BY
           =====                   =======         ======
           Flash_SegmentErase      D9F8            main (main)
               CSTACK = 00000000 ( 00000002 )
    -------------------------------------------------------------------------
<CODE> 1 (was CODE)
  Relative segment, address: D8DA - D90F (0x36 bytes), align: 1
  Segment part 8.
           ENTRY                   ADDRESS         REF BY
           =====                   =======         ======
           FlashWrite_8            D8DA            main (main)
               CSTACK = 00000000 ( 00000002 )

    *************************************************************************

  FILE NAME : D:\Work\My_Project\Client\Client\Debug\Obj\IDS2100.r43
  PROGRAM MODULE, NAME : IDS2100

  SEGMENTS IN THE MODULE
  ======================
DATA16_AN
  Relative segment, address: 0034 - 0034 (0x1 bytes), align: 0
  Segment part 1. ROOT.       Intra module refs:   TI_CC_PowerupResetCCxxxx (TI_CC_spi)
                                                   TI_CC_SPIReadBurstReg (TI_CC_spi)
                                                   TI_CC_SPIReadStatus (TI_CC_spi)
                                                   TI_CC_SPIStrobe (TI_CC_spi)
                                                   TI_CC_SPIWriteBurstReg (TI_CC_spi)
                                                   TI_CC_SPIWriteReg (TI_CC_spi)
           ENTRY                   ADDRESS         REF BY
           =====                   =======         ======
           P6IN                    0034 
    -------------------------------------------------------------------------
DATA16_AN
  Relative segment, address: 0036 - 0036 (0x1 bytes), align: 0
  Segment part 2. ROOT.       Intra module refs:   ISD2100Init
                                                   TI_CC_SPISetup (TI_CC_spi)
           ENTRY                   ADDRESS         REF BY
           =====                   =======         ======
           P6DIR                   0036 
    -------------------------------------------------------------------------
DATA16_Z
  Relative segment, address: 033E - 033E (0x1 bytes), align: 0
  Segment part 6.             Intra module refs:   VoicePlay
           ENTRY                   ADDRESS         REF BY
           =====                   =======         ======
           VoiceLevel              033E            KeyFunction (key)
    -------------------------------------------------------------------------
<CODE> 1 (was CODE)
  Relative segment, address: DB2A - DB47 (0x1e bytes), align: 1
  Segment part 21.
           ENTRY                   ADDRESS         REF BY
           =====                   =======         ======
           ISD2100Init             DB2A            main (main)
               calls direct
               CSTACK = 00000000 ( 00000002 )
    -------------------------------------------------------------------------
<CODE> 1 (was CODE)
  Relative segment, address: D7EC - D829 (0x3e bytes), align: 1
  Segment part 7.             Intra module refs:   ISD2100_power_down
                                                   ISD2100_power_up
                                                   VoicePlay
                                                   WriteVoice
           ENTRY                   ADDRESS         REF BY
           =====                   =======         ======
           ISD2100_send_data       D7EC 
               CSTACK = 00000000 ( 00000002 )
    -------------------------------------------------------------------------
<CODE> 1 (was CODE)
  Relative segment, address: DAB2 - DACF (0x1e bytes), align: 1
  Segment part 8.             Intra module refs:   VoicePlay
                                                   WriteVoice
           ENTRY                   ADDRESS         REF BY
           =====                   =======         ======
           ISD2100_power_up        DAB2 
               calls direct
               CSTACK = 00000000 ( 00000002 )
    -------------------------------------------------------------------------
<CODE> 1 (was CODE)
  Relative segment, address: DB0C - DB29 (0x1e bytes), align: 1
  Segment part 13.            Intra module refs:   VoicePlay
           ENTRY                   ADDRESS         REF BY
           =====                   =======         ======
           ISD2100_power_down      DB0C 
               calls direct
               CSTACK = 00000000 ( 00000002 )
    -------------------------------------------------------------------------
<CODE> 1 (was CODE)
  Relative segment, address: D768 - D7AB (0x44 bytes), align: 1
  Segment part 15.            Intra module refs:   Play_Drop_Start
                                                   Play_Drop_Stop
                                                   Play_OverQuick
                                                   Play_TooSlow
           ENTRY                   ADDRESS         REF BY
           =====                   =======         ======
           VoicePlay               D768            KeyFunction (key)
               calls direct
               CSTACK = 00000000 ( 00000004 )
    -------------------------------------------------------------------------
<CODE> 1 (was CODE)
  Relative segment, address: D868 - D8A3 (0x3c bytes), align: 1
  Segment part 9.             Intra module refs:   ISD2100Init
                                                   WriteVoiceLevel
           ENTRY                   ADDRESS         REF BY
           =====                   =======         ======
           WriteVoice              D868 
               calls direct
               CSTACK = 00000000 ( 00000004 )
    -------------------------------------------------------------------------
<CODE> 1 (was CODE)
  Relative segment, address: D640 - D68B (0x4c bytes), align: 1
  Segment part 14.            Intra module refs:   VoicePlay
           ENTRY                   ADDRESS         REF BY
           =====                   =======         ======
           WriteVoiceLevel         D640            KeyFunction (key)
               calls direct
               CSTACK = 00000000 ( 00000002 )
    -------------------------------------------------------------------------
<CODE> 1 (was CODE)
  Relative segment, address: DAD0 - DAED (0x1e bytes), align: 1
  Segment part 20.
           ENTRY                   ADDRESS         REF BY
           =====                   =======         ======
           Play_Drop_Start         DAD0            GetRate (IRsensor)
               calls direct
               CSTACK = 00000000 ( 00000002 )
    -------------------------------------------------------------------------
<CODE> 1 (was CODE)
  Relative segment, address: DCFC - DD03 (0x8 bytes), align: 1
  Segment part 19.
           ENTRY                   ADDRESS         REF BY
           =====                   =======         ======
           Play_Drop_Stop          DCFC            GetRate (IRsensor)
               calls direct
               CSTACK = 00000000 ( 00000002 )
    -------------------------------------------------------------------------
<CODE> 1 (was CODE)
  Relative segment, address: DCEC - DCF3 (0x8 bytes), align: 1
  Segment part 17.
           ENTRY                   ADDRESS         REF BY
           =====                   =======         ======
           Play_OverQuick          DCEC            GetRate (IRsensor)
               calls direct
               CSTACK = 00000000 ( 00000002 )
    -------------------------------------------------------------------------
<CODE> 1 (was CODE)
  Relative segment, address: DCF4 - DCFB (0x8 bytes), align: 1
  Segment part 16.
           ENTRY                   ADDRESS         REF BY
           =====                   =======         ======
           Play_TooSlow            DCF4            GetRate (IRsensor)
               calls direct
               CSTACK = 00000000 ( 00000002 )

    *************************************************************************

  FILE NAME : D:\Work\My_Project\Client\Client\Debug\Obj\IRsensor.r43
  PROGRAM MODULE, NAME : IRsensor

  SEGMENTS IN THE MODULE
  ======================
DATA16_AN
  Relative segment, address: 0031 - 0031 (0x1 bytes), align: 0
  Segment part 4. ROOT.       Intra module refs:   IRSensorPortInit
           ENTRY                   ADDRESS         REF BY
           =====                   =======         ======
           P5OUT                   0031 
    -------------------------------------------------------------------------
DATA16_AN
  Relative segment, address: 0032 - 0032 (0x1 bytes), align: 0
  Segment part 5. ROOT.       Intra module refs:   IRSensorPortInit
           ENTRY                   ADDRESS         REF BY
           =====                   =======         ======
           P5DIR                   0032 
    -------------------------------------------------------------------------
DATA16_AN
  Relative segment, address: 012E - 012F (0x2 bytes), align: 0
  Segment part 6. ROOT.       Intra module refs:   Timer_A0_1
           ENTRY                   ADDRESS         REF BY
           =====                   =======         ======
           TA0IV                   012E 
    -------------------------------------------------------------------------
DATA16_AN
  Relative segment, address: 0160 - 0161 (0x2 bytes), align: 0
  Segment part 7. ROOT.       Intra module refs:   TA0Init
           ENTRY                   ADDRESS         REF BY
           =====                   =======         ======
           TA0CTL                  0160 
    -------------------------------------------------------------------------
DATA16_AN
  Relative segment, address: 0162 - 0163 (0x2 bytes), align: 0
  Segment part 8. ROOT.       Intra module refs:   TA0Init
           ENTRY                   ADDRESS         REF BY
           =====                   =======         ======
           TA0CCTL0                0162 
    -------------------------------------------------------------------------
DATA16_AN
  Relative segment, address: 0164 - 0165 (0x2 bytes), align: 0
  Segment part 9. ROOT.       Intra module refs:   TA0Init
           ENTRY                   ADDRESS         REF BY
           =====                   =======         ======
           TA0CCTL1                0164 
    -------------------------------------------------------------------------
DATA16_AN
  Relative segment, address: 0172 - 0173 (0x2 bytes), align: 0
  Segment part 10. ROOT.      Intra module refs:   TA0Init
                                                   Timer_A0_0
           ENTRY                   ADDRESS         REF BY
           =====                   =======         ======
           TA0CCR0                 0172 
    -------------------------------------------------------------------------
DATA16_AN
  Relative segment, address: 0174 - 0175 (0x2 bytes), align: 0
  Segment part 11. ROOT.      Intra module refs:   TA0Init
                                                   Timer_A0_1
           ENTRY                   ADDRESS         REF BY
           =====                   =======         ======
           TA0CCR1                 0174 
    -------------------------------------------------------------------------
DATA16_AN
  Relative segment, address: 011E - 011F (0x2 bytes), align: 0
  Segment part 12. ROOT.      Intra module refs:   Timer1_A1
           ENTRY                   ADDRESS         REF BY
           =====                   =======         ======
           TA1IV                   011E 
    -------------------------------------------------------------------------
DATA16_AN
  Relative segment, address: 0180 - 0181 (0x2 bytes), align: 0
  Segment part 13. ROOT.      Intra module refs:   IRRecCaptureInit
           ENTRY                   ADDRESS         REF BY
           =====                   =======         ======
           TA1CTL                  0180 
    -------------------------------------------------------------------------
DATA16_AN
  Relative segment, address: 0182 - 0183 (0x2 bytes), align: 0
  Segment part 14. ROOT.      Intra module refs:   IRRecCaptureInit
                                                   Timer1_A0
           ENTRY                   ADDRESS         REF BY
           =====                   =======         ======
           TA1CCTL0                0182 
    -------------------------------------------------------------------------
DATA16_AN
  Relative segment, address: 0188 - 0189 (0x2 bytes), align: 0
  Segment part 15. ROOT.      Intra module refs:   Timer1_A1
           ENTRY                   ADDRESS         REF BY
           =====                   =======         ======
           TA1CCTL3                0188 
    -------------------------------------------------------------------------
DATA16_AN
  Relative segment, address: 0192 - 0193 (0x2 bytes), align: 0
  Segment part 16. ROOT.      Intra module refs:   Timer1_A0
           ENTRY                   ADDRESS         REF BY
           =====                   =======         ======
           TA1CCR0                 0192 
    -------------------------------------------------------------------------
DATA16_AN
  Relative segment, address: 0198 - 0199 (0x2 bytes), align: 0
  Segment part 17. ROOT.      Intra module refs:   Timer1_A1
           ENTRY                   ADDRESS         REF BY
           =====                   =======         ======
           TA1CCR3                 0198 
    -------------------------------------------------------------------------
DATA16_Z
  Relative segment, address: 023E - 023F (0x2 bytes), align: 1
  Segment part 23.            Intra module refs:   GetRate
                                                   Timer_A0_1
           ENTRY                   ADDRESS         REF BY
           =====                   =======         ======
           Alarm_timer_Num         023E 
    -------------------------------------------------------------------------
DATA16_Z
  Relative segment, address: 033F - 033F (0x1 bytes), align: 0
  Segment part 24.            Intra module refs:   Timer_A0_1
           ENTRY                   ADDRESS         REF BY
           =====                   =======         ======
           Display_Blink_TimeOut   033F            KeyFunction (key)
                                                   main (main)
    -------------------------------------------------------------------------
DATA16_Z
  Relative segment, address: 0340 - 0340 (0x1 bytes), align: 0
  Segment part 25.            Intra module refs:   Timer_A0_1
           ENTRY                   ADDRESS         REF BY
           =====                   =======         ======
           Rf_Interval_Num         0340            port1_ISR (key)
    -------------------------------------------------------------------------
DATA16_Z
  Relative segment, address: 0341 - 0341 (0x1 bytes), align: 0
  Segment part 26.            Intra module refs:   Timer_A0_1
           ENTRY                   ADDRESS         REF BY
           =====                   =======         ======
           Rf_Interval_Flag        0341            main (main)
    -------------------------------------------------------------------------
<CODE> 1 (was CODE)
  Relative segment, address: DC88 - DC95 (0xe bytes), align: 1
  Segment part 48.            Intra module refs:   IRSensorInit
           ENTRY                   ADDRESS         REF BY
           =====                   =======         ======
           IRSensorPortInit        DC88 
               CSTACK = 00000000 ( 00000002 )
    -------------------------------------------------------------------------
<CODE> 1 (was CODE)
  Relative segment, address: DC96 - DCA3 (0xe bytes), align: 1
  Segment part 43.            Intra module refs:   Timer_A0_0
           ENTRY                   ADDRESS         REF BY
           =====                   =======         ======
           IRReceiveStatus         DC96 
               CSTACK = 00000000 ( 00000002 )
    -------------------------------------------------------------------------
<CODE> 1 (was CODE)
  Relative segment, address: DB98 - DBAD (0x16 bytes), align: 1
  Segment part 45.            Intra module refs:   IRSensorInit
                                                   Timer1_A0
                                                   Timer1_A1
           ENTRY                   ADDRESS         REF BY
           =====                   =======         ======
           IRRecCaptureInit        DB98 
               CSTACK = 00000000 ( 00000002 )
    -------------------------------------------------------------------------
<CODE> 1 (was CODE)
  Relative segment, address: DA46 - DA69 (0x24 bytes), align: 1
  Segment part 50.
           ENTRY                   ADDRESS         REF BY
           =====                   =======         ======
           TA0Init                 DA46            main (main)
               CSTACK = 00000000 ( 00000002 )
    -------------------------------------------------------------------------
<CODE> 1 (was CODE)
  Relative segment, address: DD04 - DD0B (0x8 bytes), align: 1
  Segment part 49.
           ENTRY                   ADDRESS         REF BY
           =====                   =======         ======
           IRSensorInit            DD04            main (main)
               calls direct
               CSTACK = 00000000 ( 00000002 )
    -------------------------------------------------------------------------
<CODE> 1 (was CODE)
  Relative segment, address: C638 - C779 (0x142 bytes), align: 1
  Segment part 42.            Intra module refs:   Timer_A0_0
           ENTRY                   ADDRESS         REF BY
           =====                   =======         ======
           GetRate                 C638            main (main)
               calls direct
               CSTACK = 00000000 ( 0000000A )
    -------------------------------------------------------------------------
DATA16_Z
  Relative segment, address: 0240 - 024F (0x10 bytes), align: 1
  Segment part 27.            Intra module refs:   GetRate
           LOCAL                   ADDRESS         
           =====                   =======         
           GetRate::buffer         0240 
    -------------------------------------------------------------------------
<CODE> 1 (was CODE)
  Relative segment, address: C8AA - C9D9 (0x130 bytes), align: 1
  Segment part 47.            Intra module refs:   Timer1_A0::??INTVEC 26
           ENTRY                   ADDRESS         REF BY
           =====                   =======         ======
           Timer1_A0               C8AA 
               interrupt function
               calls direct
               CSTACK = 00000000 ( 00000010 )
    -------------------------------------------------------------------------
DATA16_Z
  Relative segment, address: 0250 - 0251 (0x2 bytes), align: 1
  Segment part 28.            Intra module refs:   Timer1_A0
           LOCAL                   ADDRESS         
           =====                   =======         
           Timer1_A0::OverflowTime
                                   0250 
    -------------------------------------------------------------------------
DATA16_I
  Relative segment, address: 0204 - 0205 (0x2 bytes), align: 1
  Segment part 29.            Intra module refs:   Timer1_A0
           LOCAL                   ADDRESS         
           =====                   =======         
           Timer1_A0::StoreTimes   0204 
    -------------------------------------------------------------------------
DATA16_Z
  Relative segment, address: 0252 - 0265 (0x14 bytes), align: 1
  Segment part 31.            Intra module refs:   Timer1_A0
           LOCAL                   ADDRESS         
           =====                   =======         
           Timer1_A0::IRTimerValue
                                   0252 
    -------------------------------------------------------------------------
DATA16_Z
  Relative segment, address: 0266 - 0279 (0x14 bytes), align: 1
  Segment part 32.            Intra module refs:   Timer1_A0
           LOCAL                   ADDRESS         
           =====                   =======         
           Timer1_A0::OverflowValue
                                   0266 
    -------------------------------------------------------------------------
DATA16_Z
  Relative segment, address: 027A - 027D (0x4 bytes), align: 1
  Segment part 33.            Intra module refs:   Timer1_A0
           LOCAL                   ADDRESS         
           =====                   =======         
           Timer1_A0::Valuefabs    027A 
    -------------------------------------------------------------------------
<CODE> 1 (was CODE)
  Relative segment, address: C4E6 - C637 (0x152 bytes), align: 1
  Segment part 46.            Intra module refs:   Timer1_A1::??INTVEC 24
           ENTRY                   ADDRESS         REF BY
           =====                   =======         ======
           Timer1_A1               C4E6 
               interrupt function
               calls direct
               CSTACK = 00000000 ( 00000010 )
    -------------------------------------------------------------------------
DATA16_Z
  Relative segment, address: 027E - 027F (0x2 bytes), align: 1
  Segment part 34.            Intra module refs:   Timer1_A1
           LOCAL                   ADDRESS         
           =====                   =======         
           Timer1_A1::OverflowTime
                                   027E 
    -------------------------------------------------------------------------
DATA16_I
  Relative segment, address: 0206 - 0207 (0x2 bytes), align: 1
  Segment part 35.            Intra module refs:   Timer1_A1
           LOCAL                   ADDRESS         
           =====                   =======         
           Timer1_A1::StoreTimes   0206 
    -------------------------------------------------------------------------
DATA16_Z
  Relative segment, address: 0280 - 0293 (0x14 bytes), align: 1
  Segment part 37.            Intra module refs:   Timer1_A1
           LOCAL                   ADDRESS         
           =====                   =======         
           Timer1_A1::IRTimerValue
                                   0280 
    -------------------------------------------------------------------------
DATA16_Z
  Relative segment, address: 0294 - 02A7 (0x14 bytes), align: 1
  Segment part 38.            Intra module refs:   Timer1_A1
           LOCAL                   ADDRESS         
           =====                   =======         
           Timer1_A1::OverflowValue
                                   0294 
    -------------------------------------------------------------------------
DATA16_Z
  Relative segment, address: 02A8 - 02AB (0x4 bytes), align: 1
  Segment part 39.            Intra module refs:   Timer1_A1
           LOCAL                   ADDRESS         
           =====                   =======         
           Timer1_A1::Valuefabs    02A8 
    -------------------------------------------------------------------------
<CODE> 1 (was CODE)
  Relative segment, address: D5F2 - D63F (0x4e bytes), align: 1
  Segment part 44.            Intra module refs:   Timer_A0_0::??INTVEC 12
           ENTRY                   ADDRESS         REF BY
           =====                   =======         ======
           Timer_A0_0              D5F2 
               interrupt function
               calls direct
               CSTACK = 00000000 ( 0000000C )
    -------------------------------------------------------------------------
<CODE> 1 (was CODE)
  Relative segment, address: CD74 - CE3F (0xcc bytes), align: 1
  Segment part 41.            Intra module refs:   Timer_A0_1::??INTVEC 10
           ENTRY                   ADDRESS         REF BY
           =====                   =======         ======
           Timer_A0_1              CD74 
               interrupt function
               calls direct
               CSTACK = 00000000 ( 0000000C )
    -------------------------------------------------------------------------
DATA16_Z
  Relative segment, address: 0342 - 0342 (0x1 bytes), align: 0
  Segment part 40.            Intra module refs:   Timer_A0_1
           LOCAL                   ADDRESS         
           =====                   =======         
           Timer_A0_1::i           0342 
    -------------------------------------------------------------------------
INTVEC
  Common segment, address: FFE0 - FFEB (0xc bytes), align: 1
  Segment part 18. ROOT.
           ENTRY                   ADDRESS         REF BY
           =====                   =======         ======
           Timer_A0_1::??INTVEC 10
                                   FFEA 
    -------------------------------------------------------------------------
INTVEC
  Common segment, address: FFE0 - FFED (0xe bytes), align: 1
  Segment part 19. ROOT.
           ENTRY                   ADDRESS         REF BY
           =====                   =======         ======
           Timer_A0_0::??INTVEC 12
                                   FFEC 
    -------------------------------------------------------------------------
INTVEC
  Common segment, address: FFE0 - FFF9 (0x1a bytes), align: 1
  Segment part 20. ROOT.
           ENTRY                   ADDRESS         REF BY
           =====                   =======         ======
           Timer1_A1::??INTVEC 24
                                   FFF8 
    -------------------------------------------------------------------------
INTVEC
  Common segment, address: FFE0 - FFFB (0x1c bytes), align: 1
  Segment part 21. ROOT.
           ENTRY                   ADDRESS         REF BY
           =====                   =======         ======
           Timer1_A0::??INTVEC 26
                                   FFFA 
    -------------------------------------------------------------------------
DATA16_ID
  Relative segment, address: C026 - C027 (0x2 bytes), align: 1
  Segment part 30.            Intra module refs:   Timer1_A0::StoreTimes
    -------------------------------------------------------------------------
DATA16_ID
  Relative segment, address: C028 - C029 (0x2 bytes), align: 1
  Segment part 36.            Intra module refs:   Timer1_A1::StoreTimes

    *************************************************************************

  FILE NAME : D:\Work\My_Project\Client\Client\Debug\Obj\TI_CC_spi.r43
  PROGRAM MODULE, NAME : TI_CC_spi

  SEGMENTS IN THE MODULE
  ======================
DATA16_AN
  Relative segment, address: 0003 - 0003 (0x1 bytes), align: 0
  Segment part 1. ROOT.       Intra module refs:   TI_CC_PowerupResetCCxxxx
                                                   TI_CC_SPIReadBurstReg
                                                   TI_CC_SPIReadReg
                                                   TI_CC_SPIReadStatus
                                                   TI_CC_SPIStrobe
                                                   TI_CC_SPIWriteBurstReg
                                                   TI_CC_SPIWriteReg
           ENTRY                   ADDRESS         REF BY
           =====                   =======         ======
           IFG2                    0003 
    -------------------------------------------------------------------------
DATA16_AN
  Relative segment, address: 0035 - 0035 (0x1 bytes), align: 0
  Segment part 3. ROOT.       Intra module refs:   TI_CC_PowerupResetCCxxxx
                                                   TI_CC_SPIReadBurstReg
                                                   TI_CC_SPIReadReg
                                                   TI_CC_SPIReadStatus
                                                   TI_CC_SPISetup
                                                   TI_CC_SPIStrobe
                                                   TI_CC_SPIWriteBurstReg
                                                   TI_CC_SPIWriteReg
           ENTRY                   ADDRESS         REF BY
           =====                   =======         ======
           P6OUT                   0035 
    -------------------------------------------------------------------------
DATA16_AN
  Relative segment, address: 0037 - 0037 (0x1 bytes), align: 0
  Segment part 5. ROOT.       Intra module refs:   TI_CC_SPISetup
           ENTRY                   ADDRESS         REF BY
           =====                   =======         ======
           P6SEL                   0037 
    -------------------------------------------------------------------------
DATA16_AN
  Relative segment, address: 0067 - 0067 (0x1 bytes), align: 0
  Segment part 6. ROOT.
           ENTRY                   ADDRESS         REF BY
           =====                   =======         ======
           UCA0TXBUF               0067 
    -------------------------------------------------------------------------
DATA16_AN
  Relative segment, address: 0068 - 0068 (0x1 bytes), align: 0
  Segment part 7. ROOT.       Intra module refs:   TI_CC_SPISetup
           ENTRY                   ADDRESS         REF BY
           =====                   =======         ======
           UCB0CTL0                0068 
    -------------------------------------------------------------------------
DATA16_AN
  Relative segment, address: 0069 - 0069 (0x1 bytes), align: 0
  Segment part 8. ROOT.       Intra module refs:   TI_CC_SPISetup
           ENTRY                   ADDRESS         REF BY
           =====                   =======         ======
           UCB0CTL1                0069 
    -------------------------------------------------------------------------
DATA16_AN
  Relative segment, address: 006A - 006A (0x1 bytes), align: 0
  Segment part 9. ROOT.       Intra module refs:   TI_CC_SPISetup
           ENTRY                   ADDRESS         REF BY
           =====                   =======         ======
           UCB0BR0                 006A 
    -------------------------------------------------------------------------
DATA16_AN
  Relative segment, address: 006B - 006B (0x1 bytes), align: 0
  Segment part 10. ROOT.      Intra module refs:   TI_CC_SPISetup
           ENTRY                   ADDRESS         REF BY
           =====                   =======         ======
           UCB0BR1                 006B 
    -------------------------------------------------------------------------
DATA16_AN
  Relative segment, address: 006E - 006E (0x1 bytes), align: 0
  Segment part 11. ROOT.      Intra module refs:   TI_CC_SPIReadBurstReg
                                                   TI_CC_SPIReadReg
                                                   TI_CC_SPIReadStatus
           ENTRY                   ADDRESS         REF BY
           =====                   =======         ======
           UCB0RXBUF               006E 
    -------------------------------------------------------------------------
DATA16_AN
  Relative segment, address: 006F - 006F (0x1 bytes), align: 0
  Segment part 12. ROOT.      Intra module refs:   TI_CC_PowerupResetCCxxxx
                                                   TI_CC_SPIReadBurstReg
                                                   TI_CC_SPIReadReg
                                                   TI_CC_SPIReadStatus
                                                   TI_CC_SPIStrobe
                                                   TI_CC_SPIWriteBurstReg
                                                   TI_CC_SPIWriteReg
           ENTRY                   ADDRESS         REF BY
           =====                   =======         ======
           UCB0TXBUF               006F 
    -------------------------------------------------------------------------
<CODE> 1 (was CODE)
  Relative segment, address: DC7A - DC87 (0xe bytes), align: 1
  Segment part 14.            Intra module refs:   TI_CC_PowerupResetCCxxxx
           ENTRY                   ADDRESS         REF BY
           =====                   =======         ======
           TI_CC_Wait              DC7A 
               CSTACK = 00000000 ( 00000002 )
    -------------------------------------------------------------------------
<CODE> 1 (was CODE)
  Relative segment, address: D974 - D9A1 (0x2e bytes), align: 1
  Segment part 22.
           ENTRY                   ADDRESS         REF BY
           =====                   =======         ======
           TI_CC_SPISetup          D974            RadioInit (CC1101)
               CSTACK = 00000000 ( 00000002 )
    -------------------------------------------------------------------------
<CODE> 1 (was CODE)
  Relative segment, address: D9A2 - D9CD (0x2c bytes), align: 1
  Segment part 21.
           ENTRY                   ADDRESS         REF BY
           =====                   =======         ======
           TI_CC_SPIWriteReg       D9A2            RFSendPacket (CC1100-CC2500)
                                                   writeRFSettings (CC1100-CC2500)
               CSTACK = 00000000 ( 00000002 )
    -------------------------------------------------------------------------
<CODE> 1 (was CODE)
  Relative segment, address: D7AC - D7EB (0x40 bytes), align: 1
  Segment part 20.
           ENTRY                   ADDRESS         REF BY
           =====                   =======         ======
           TI_CC_SPIWriteBurstReg
                                   D7AC            RFSendPacket (CC1100-CC2500)
               CSTACK = 00000000 ( 00000002 )
    -------------------------------------------------------------------------
<CODE> 1 (was CODE)
  Relative segment, address: D8A4 - D8D9 (0x36 bytes), align: 1
  Segment part 19.
           ENTRY                   ADDRESS         REF BY
           =====                   =======         ======
           TI_CC_SPIReadReg        D8A4            RFReceivePacket (CC1100-CC2500)
                                                   RadioInit (CC1101)
               CSTACK = 00000000 ( 00000002 )
    -------------------------------------------------------------------------
<CODE> 1 (was CODE)
  Relative segment, address: D43E - D4A3 (0x66 bytes), align: 1
  Segment part 18.
           ENTRY                   ADDRESS         REF BY
           =====                   =======         ======
           TI_CC_SPIReadBurstReg   D43E            RFReceivePacket (CC1100-CC2500)
               CSTACK = 00000000 ( 00000002 )
    -------------------------------------------------------------------------
<CODE> 1 (was CODE)
  Relative segment, address: D910 - D943 (0x34 bytes), align: 1
  Segment part 17.
           ENTRY                   ADDRESS         REF BY
           =====                   =======         ======
           TI_CC_SPIReadStatus     D910            RFReceivePacket (CC1100-CC2500)
                                                   RadioInit (CC1101)
               CSTACK = 00000000 ( 00000002 )
    -------------------------------------------------------------------------
<CODE> 1 (was CODE)
  Relative segment, address: DAEE - DB0B (0x1e bytes), align: 1
  Segment part 16.
           ENTRY                   ADDRESS         REF BY
           =====                   =======         ======
           TI_CC_SPIStrobe         DAEE            RFReceivePacket (CC1100-CC2500)
                                                   RFSendPacket (CC1100-CC2500)
                                                   RadioInit (CC1101)
                                                   ReceiveOff (CC1101)
                                                   ReceiveOn (CC1101)
               CSTACK = 00000000 ( 00000002 )
    -------------------------------------------------------------------------
<CODE> 1 (was CODE)
  Relative segment, address: D6D8 - D721 (0x4a bytes), align: 1
  Segment part 15.
           ENTRY                   ADDRESS         REF BY
           =====                   =======         ======
           TI_CC_PowerupResetCCxxxx
                                   D6D8            RadioInit (CC1101)
               calls direct
               CSTACK = 00000000 ( 00000002 )

[...]
                                                   MsgStatus (DataSendRec)
                                                   RadioInit::txBuffer (CC1101)
                                                   Rate (main)
                                                   RateDisplayFlag (main)
                                                   RefreshTime (main)
                                                   Rf_Interval_Flag (IRsensor)
                                                   Rf_Interval_Num (IRsensor)
                                                   RxBuffer (DataSendRec)
                                                   SequenceId (DataSendRec)
                                                   Timer1_A0::IRTimerValue (IRsensor)
                                                   Timer1_A0::OverflowTime (IRsensor)
                                                   Timer1_A0::OverflowValue (IRsensor)
                                                   Timer1_A0::Valuefabs (IRsensor)
                                                   Timer1_A1::IRTimerValue (IRsensor)
                                                   Timer1_A1::OverflowTime (IRsensor)
                                                   Timer1_A1::OverflowValue (IRsensor)
                                                   Timer1_A1::Valuefabs (IRsensor)
                                                   TimerValue (main)
                                                   Timer_A0_1::i (IRsensor)
                                                   TotalDrip (main)
                                                   TotalDrop (Display)
                                                   TxBuffer (DataSendRec)
                                                   UartBuf (Uart)
                                                   VoiceLevel (IDS2100)
                                                   WorkingStateSendSuccessFlag (DataSendRec)
                                                   WorkingStatus (main)
    -------------------------------------------------------------------------
CSTART
  Relative segment, address: C048 - C057 (0x10 bytes), align: 1
  Segment part 13.
           ENTRY                   ADDRESS         REF BY
           =====                   =======         ======
           ?cstart_init_copy       C048            AlarmLowerValue (Display)
                                                   AlarmUpperValue (Display)
                                                   CurrentSpeed (main)
                                                   DisplayMode (main)
                                                   ModelAddress (DataSendRec)
                                                   MsgBegin (DataSendRec)
                                                   TerminalID (DataSendRec)
                                                   TerminalPowerPrecent (main)
                                                   Timer1_A0::StoreTimes (IRsensor)
                                                   Timer1_A1::StoreTimes (IRsensor)
                                                   time_num (main)
    -------------------------------------------------------------------------
CSTART
  Relative segment, address: C058 - C05F (0x8 bytes), align: 1
  Segment part 17.            Intra module refs:   Segment part 9
           ENTRY                   ADDRESS         REF BY
           =====                   =======         ======
           ?cstart_call_main       C058 
           ?cstart_end             C060 

    -------------------------------------------------------------------------
  LIBRARY MODULE, NAME : ?reset_vector

  SEGMENTS IN THE MODULE
  ======================
RESET
  Relative segment, address: FFFE - FFFF (0x2 bytes), align: 1
  Segment part 0.
           ENTRY                   ADDRESS         REF BY
           =====                   =======         ======
           ?reset_vector           FFFE            Segment part 9 (?cstart)

    -------------------------------------------------------------------------
  LIBRARY MODULE, NAME : ?Epilogue

  SEGMENTS IN THE MODULE
  ======================
<CODE> 1 (was CODE)
  Relative segment, address: DC38 - DC49 (0x12 bytes), align: 1
  Segment part 0.
           ENTRY                   ADDRESS         REF BY
           =====                   =======         ======
           ?Epilogue3              DC42            DisplayDownAlarm (Display)
                                                   DisplayRate (Display)
                                                   DisplayUpAlarm (Display)
           ?Epilogue4              DC40            GetRate (IRsensor)
           ?Epilogue5              DC3E 
           ?Epilogue6              DC3C 
           ?Epilogue7              DC3A 
           ?Epilogue8              DC38 

    -------------------------------------------------------------------------
  LIBRARY MODULE, NAME : ?exit

  SEGMENTS IN THE MODULE
  ======================
<CODE> 1 (was CODE)
  Relative segment, address: DD18 - DD1B (0x4 bytes), align: 1
  Segment part 2.
           ENTRY                   ADDRESS         REF BY
           =====                   =======         ======
           exit                    DD18            Segment part 17 (?cstart)
               calls direct
               CSTACK = 00000000 ( 00000002 )

    -------------------------------------------------------------------------
  LIBRARY MODULE, NAME : ?fabs

  SEGMENTS IN THE MODULE
  ======================
<CODE> 1 (was CODE)
  Relative segment, address: D722 - D767 (0x46 bytes), align: 1
  Segment part 2.
           ENTRY                   ADDRESS         REF BY
           =====                   =======         ======
           fabs                    D722            Timer1_A0 (IRsensor)
                                                   Timer1_A1 (IRsensor)
               calls direct
               CSTACK = 00000000 ( 00000006 )

    -------------------------------------------------------------------------
  LIBRARY MODULE, NAME : ?Cast32f32i

  SEGMENTS IN THE MODULE
  ======================
<CODE> 1 (was CODE)
  Relative segment, address: D04A - D0DB (0x92 bytes), align: 1
  Segment part 0.
           ENTRY                   ADDRESS         REF BY
           =====                   =======         ======
           _Cast32sto32f           D04A            GetRate (IRsensor)
           _Cast32uto32f           D05E            GetRate (IRsensor)
                                                   Timer1_A0 (IRsensor)
                                                   Timer1_A1 (IRsensor)

    -------------------------------------------------------------------------
  LIBRARY MODULE, NAME : _Cast32fto32u

  SEGMENTS IN THE MODULE
  ======================
<CODE> 1 (was CODE)
  Relative segment, address: DCCC - DCD7 (0xc bytes), align: 1
  Segment part 0.
           ENTRY                   ADDRESS         REF BY
           =====                   =======         ======
           _Cast32fto32u           DCCC            GetRate (IRsensor)

    -------------------------------------------------------------------------
  LIBRARY MODULE, NAME : ?FLT_Extract

  SEGMENTS IN THE MODULE
  ======================
<CODE> 1 (was CODE)
  Relative segment, address: D68C - D6D7 (0x4c bytes), align: 1
  Segment part 0.
           ENTRY                   ADDRESS         REF BY
           =====                   =======         ======
           ?FLT_Extract            D68C            _Cast32fto32u (_Cast32fto32u)

    -------------------------------------------------------------------------
  LIBRARY MODULE, NAME : ?FLT_EQ

  SEGMENTS IN THE MODULE
  ======================
<CODE> 1 (was CODE)
  Relative segment, address: D944 - D973 (0x30 bytes), align: 1
  Segment part 0.
           ENTRY                   ADDRESS         REF BY
           =====                   =======         ======
           ?FLT_EQ                 D944            _CmpNe32f (_CmpNe32f)

    -------------------------------------------------------------------------
  LIBRARY MODULE, NAME : ?FLT_GE

  SEGMENTS IN THE MODULE
  ======================
<CODE> 1 (was CODE)
  Relative segment, address: D4FA - D54F (0x56 bytes), align: 1
  Segment part 0.
           ENTRY                   ADDRESS         REF BY
           =====                   =======         ======
           ?FLT_GE                 D4FA            _CmpGe32f (_CmpGe32f)

    -------------------------------------------------------------------------
  LIBRARY MODULE, NAME : ?FLT_LT

  SEGMENTS IN THE MODULE
  ======================
<CODE> 1 (was CODE)
  Relative segment, address: D550 - D5A1 (0x52 bytes), align: 1
  Segment part 0.
           ENTRY                   ADDRESS         REF BY
           =====                   =======         ======
           ?FLT_LT                 D550            _CmpLt32f (_CmpLt32f)

    -------------------------------------------------------------------------
  LIBRARY MODULE, NAME : _CmpNe32f

  SEGMENTS IN THE MODULE
  ======================
<CODE> 1 (was CODE)
  Relative segment, address: DCC0 - DCCB (0xc bytes), align: 1
  Segment part 0.
           ENTRY                   ADDRESS         REF BY
           =====                   =======         ======
           _CmpNe32f               DCC0            GetRate (IRsensor)

    -------------------------------------------------------------------------
  LIBRARY MODULE, NAME : _CmpGe32f

  SEGMENTS IN THE MODULE
  ======================
<CODE> 1 (was CODE)
  Relative segment, address: DCD8 - DCE1 (0xa bytes), align: 1
  Segment part 0.
           ENTRY                   ADDRESS         REF BY
           =====                   =======         ======
           _CmpGe32f               DCD8            GetRate (IRsensor)
                                                   Timer1_A0 (IRsensor)
                                                   Timer1_A1 (IRsensor)

    -------------------------------------------------------------------------
  LIBRARY MODULE, NAME : _CmpLt32f

  SEGMENTS IN THE MODULE
  ======================
<CODE> 1 (was CODE)
  Relative segment, address: DCE2 - DCEB (0xa bytes), align: 1
  Segment part 0.
           ENTRY                   ADDRESS         REF BY
           =====                   =======         ======
           _CmpLt32f               DCE2            fabs (?fabs)

    -------------------------------------------------------------------------
  LIBRARY MODULE, NAME : _Div32f

  SEGMENTS IN THE MODULE
  ======================
<CODE> 1 (was CODE)
  Relative segment, address: C77A - C8A9 (0x130 bytes), align: 1
  Segment part 0.
           ENTRY                   ADDRESS         REF BY
           =====                   =======         ======
           _Div32f                 C77A            GetRate (IRsensor)

    -------------------------------------------------------------------------
  LIBRARY MODULE, NAME : _Add32f

  SEGMENTS IN THE MODULE
  ======================
<CODE> 1 (was CODE)
  Relative segment, address: C384 - C4E5 (0x162 bytes), align: 1
  Segment part 0.
           ENTRY                   ADDRESS         REF BY
           =====                   =======         ======
           _Add32f                 C388            GetRate (IRsensor)
           _Sub32f                 C384            Timer1_A0 (IRsensor)
                                                   Timer1_A1 (IRsensor)

    -------------------------------------------------------------------------
  LIBRARY MODULE, NAME : ?DivMod816u

  SEGMENTS IN THE MODULE
  ======================
<CODE> 1 (was CODE)
  Relative segment, address: DB48 - DB63 (0x1c bytes), align: 1
  Segment part 0.
           ENTRY                   ADDRESS         REF BY
           =====                   =======         ======
           ?DivMod8u               DB48            Timer_A0_1 (IRsensor)
           ?DivMod16u              DB4C            DisplayDownAlarm (Display)
                                                   DisplayRate (Display)
                                                   DisplayTotalDrop (Display)
                                                   DisplayUpAlarm (Display)
                                                   Timer_A0_0 (IRsensor)

    -------------------------------------------------------------------------
  LIBRARY MODULE, NAME : ?ShiftRight16u_n

  SEGMENTS IN THE MODULE
  ======================
<CODE> 1 (was CODE)
  Relative segment, address: DB7E - DB81 (0x4 bytes), align: 1
  Segment part 0.
           ENTRY                   ADDRESS         REF BY
           =====                   =======         ======
           ?ShiftRight16u_7        DB7E            __iar_Dtest (?xdtest)
    -------------------------------------------------------------------------
<CODE> 1 (was CODE)
  Relative segment, address: DB82 - DB85 (0x4 bytes), align: 1
  Segment part 1.             Intra module refs:   ?ShiftRight16u_7
           ENTRY                   ADDRESS         REF BY
           =====                   =======         ======
           ?ShiftRight16u_6        DB82 
    -------------------------------------------------------------------------
<CODE> 1 (was CODE)
  Relative segment, address: DB86 - DB89 (0x4 bytes), align: 1
  Segment part 2.             Intra module refs:   ?ShiftRight16u_6
           ENTRY                   ADDRESS         REF BY
           =====                   =======         ======
           ?ShiftRight16u_5        DB86 
    -------------------------------------------------------------------------
<CODE> 1 (was CODE)
  Relative segment, address: DB8A - DB8D (0x4 bytes), align: 1
  Segment part 3.             Intra module refs:   ?ShiftRight16u_5
           ENTRY                   ADDRESS         REF BY
           =====                   =======         ======
           ?ShiftRight16u_4        DB8A 
    -------------------------------------------------------------------------
<CODE> 1 (was CODE)
  Relative segment, address: DB8E - DB97 (0xa bytes), align: 1
  Segment part 4.             Intra module refs:   ?ShiftRight16u_4
           ENTRY                   ADDRESS         REF BY
           =====                   =======         ======
           ?ShiftRight16u_3        DB8E 

    -------------------------------------------------------------------------
  LIBRARY MODULE, NAME : ?memcpy

  SEGMENTS IN THE MODULE
  ======================
<CODE> 1 (was CODE)
  Relative segment, address: DC14 - DC25 (0x12 bytes), align: 1
  Segment part 2.
           ENTRY                   ADDRESS         REF BY
           =====                   =======         ======
           memcpy                  DC14            __data16_memcpy (?memzero)
               CSTACK = 00000000 ( 00000002 )

    -------------------------------------------------------------------------
  LIBRARY MODULE, NAME : ?memzero

  SEGMENTS IN THE MODULE
  ======================
<CODE> 1 (was CODE)
  Relative segment, address: DC26 - DC37 (0x12 bytes), align: 1
  Segment part 4.
           ENTRY                   ADDRESS         REF BY
           =====                   =======         ======
           __data16_memzero        DC26            ?cstart_init_zero (?cstart)
               CSTACK = 00000000 ( 00000002 )
    -------------------------------------------------------------------------
<CODE> 1 (was CODE)
  Relative segment, address: DD1C - DD1F (0x4 bytes), align: 1
  Segment part 3.
           ENTRY                   ADDRESS         REF BY
           =====                   =======         ======
           __data16_memcpy         DD1C            ?cstart_init_copy (?cstart)
               calls direct
               CSTACK = 00000000 ( 00000002 )

    -------------------------------------------------------------------------
  LIBRARY MODULE, NAME : ?xdtest

  SEGMENTS IN THE MODULE
  ======================
<CODE> 1 (was CODE)
  Relative segment, address: DA6A - DA8D (0x24 bytes), align: 1
  Segment part 2.
           ENTRY                   ADDRESS         REF BY
           =====                   =======         ======
           __iar_Dtest             DA6A            fabs (?fabs)
               CSTACK = 00000000 ( 00000002 )




                ****************************************
                *                                      *
                *      SEGMENTS IN ADDRESS ORDER       *
                *                                      *
                ****************************************


SEGMENT              SPACE    START ADDRESS   END ADDRESS     SIZE  TYPE  ALIGN
=======              =====    =============   ===========     ====  ====  =====
DATA16_AN                              0001 - 0001               1   rel    0
                                       0003 - 0003               1 
                                       001B - 001B               1 
                                       001F - 0020               2 
                                       0022 - 0026               5 
                                       002E - 002E               1 
                                       0031 - 0037               7 
                                       0039 - 003A               2 
                                       004A - 004A               1 
                                       0050 - 0050               1 
                                       0052 - 0053               2 
                                       0061 - 0064               4 
                                       0066 - 006B               6 
                                       006E - 006F               2 
                                       0090 - 0090               1 
                                       00AC - 00AF               4 
                                       011E - 0121               4 
                                       0128 - 012F               8 
                                       0160 - 0165               6 
                                       0172 - 0175               4 
                                       0180 - 0183               4 
                                       0188 - 0189               2 
                                       0192 - 0193               2 
                                       0198 - 0199               2 
                                       01B0 - 01B5               6 
DATA16_I                               0200 - 0215              16   rel    1
DATA16_Z                               0216 - 0349             134   rel    1
CSTACK                                 03B0 - 03FF              50   rel    1
DATA16_C                               C000 - C020              21   rel    0
DATA16_ID                              C022 - C037              16   rel    1
CSTART                                 C038 - C05F              28   rel    1
<CODE> 1                               C060 - DD25            1CC6   rel    1
INTVEC                                 FFE0 - FFFB              1C   com    1
RESET                                  FFFE - FFFF               2   rel    1

                ****************************************
                *                                      *
                *        END OF CROSS REFERENCE        *
                *                                      *
                ****************************************

 7 436 bytes of CODE  memory
   410 bytes of DATA  memory (+ 79 absolute )
    55 bytes of CONST memory

Errors: none
Warnings: 1

